Component: ARM Compiler 5.06 update 6 (build 750) Tool: armlink [4d35ed]

==============================================================================

Section Cross References

    startup_stm32f031x6.o(STACK) refers (Special) to port.o(i.vPortSVCHandler) for vPortSVCHandler
    startup_stm32f031x6.o(STACK) refers (Special) to port.o(.emb_text) for xPortPendSVHandler
    startup_stm32f031x6.o(STACK) refers (Special) to port.o(i.xPortSysTickHandler) for xPortSysTickHandler
    startup_stm32f031x6.o(HEAP) refers (Special) to port.o(i.vPortSVCHandler) for vPortSVCHandler
    startup_stm32f031x6.o(HEAP) refers (Special) to port.o(.emb_text) for xPortPendSVHandler
    startup_stm32f031x6.o(HEAP) refers (Special) to port.o(i.xPortSysTickHandler) for xPortSysTickHandler
    startup_stm32f031x6.o(RESET) refers (Special) to port.o(i.vPortSVCHandler) for vPortSVCHandler
    startup_stm32f031x6.o(RESET) refers (Special) to port.o(.emb_text) for xPortPendSVHandler
    startup_stm32f031x6.o(RESET) refers (Special) to port.o(i.xPortSysTickHandler) for xPortSysTickHandler
    startup_stm32f031x6.o(RESET) refers to startup_stm32f031x6.o(STACK) for __initial_sp
    startup_stm32f031x6.o(RESET) refers to startup_stm32f031x6.o(.text) for Reset_Handler
    startup_stm32f031x6.o(RESET) refers to stm32f0xx_it.o(i.NMI_Handler) for NMI_Handler
    startup_stm32f031x6.o(RESET) refers to stm32f0xx_it.o(i.HardFault_Handler) for HardFault_Handler
    startup_stm32f031x6.o(RESET) refers to stm32f0xx_it.o(i.SVC_Handler) for SVC_Handler
    startup_stm32f031x6.o(RESET) refers to stm32f0xx_it.o(i.PendSV_Handler) for PendSV_Handler
    startup_stm32f031x6.o(RESET) refers to stm32f0xx_it.o(i.SysTick_Handler) for SysTick_Handler
    startup_stm32f031x6.o(RESET) refers to stm32f0xx_it.o(i.USART1_IRQHandler) for USART1_IRQHandler
    startup_stm32f031x6.o(.text) refers (Special) to port.o(i.vPortSVCHandler) for vPortSVCHandler
    startup_stm32f031x6.o(.text) refers (Special) to port.o(.emb_text) for xPortPendSVHandler
    startup_stm32f031x6.o(.text) refers (Special) to port.o(i.xPortSysTickHandler) for xPortSysTickHandler
    startup_stm32f031x6.o(.text) refers to system_stm32f0xx.o(i.SystemInit) for SystemInit
    startup_stm32f031x6.o(.text) refers to entry.o(.ARM.Collect$$$$00000000) for __main
    main.o(i.HAL_UART_RxCpltCallback) refers to oled.o(i.OLED_Clear) for OLED_Clear
    main.o(i.HAL_UART_RxCpltCallback) refers to oled.o(i.OLED_ShowString) for OLED_ShowString
    main.o(i.HAL_UART_RxCpltCallback) refers to stm32f0xx_hal_uart.o(i.HAL_UART_Transmit) for HAL_UART_Transmit
    main.o(i.HAL_UART_RxCpltCallback) refers to oled.o(i.OLED_Clear_H) for OLED_Clear_H
    main.o(i.HAL_UART_RxCpltCallback) refers to stm32f0xx_hal_uart.o(i.HAL_UART_Receive_IT) for HAL_UART_Receive_IT
    main.o(i.HAL_UART_RxCpltCallback) refers to function.o(.data) for rcData
    main.o(i.HAL_UART_RxCpltCallback) refers to main.o(.data) for Uart1_Rx_Cnt
    main.o(i.HAL_UART_RxCpltCallback) refers to uarst1.o(.bss) for huart1
    main.o(i.SystemClock_Config) refers to memseta.o(.text) for __aeabi_memclr4
    main.o(i.SystemClock_Config) refers to stm32f0xx_hal_rcc.o(i.HAL_RCC_OscConfig) for HAL_RCC_OscConfig
    main.o(i.SystemClock_Config) refers to main.o(i.Error_Handler) for Error_Handler
    main.o(i.SystemClock_Config) refers to stm32f0xx_hal_rcc.o(i.HAL_RCC_ClockConfig) for HAL_RCC_ClockConfig
    main.o(i.SystemClock_Config) refers to stm32f0xx_hal_rcc_ex.o(i.HAL_RCCEx_PeriphCLKConfig) for HAL_RCCEx_PeriphCLKConfig
    main.o(i.SystemClock_Config) refers to stm32f0xx_hal_rcc.o(i.HAL_RCC_EnableCSS) for HAL_RCC_EnableCSS
    main.o(i.main) refers to stm32f0xx_hal.o(i.HAL_Init) for HAL_Init
    main.o(i.main) refers to main.o(i.SystemClock_Config) for SystemClock_Config
    main.o(i.main) refers to uarst1.o(i.UARST1_Init) for UARST1_Init
    main.o(i.main) refers to uarst1.o(i.NVIC_Init) for NVIC_Init
    main.o(i.main) refers to led.o(i.LED_Init) for LED_Init
    main.o(i.main) refers to beep.o(i.BEEP_Init) for BEEP_Init
    main.o(i.main) refers to key.o(i.KEY_Init) for KEY_Init
    main.o(i.main) refers to ds18b20.o(i.DS18B20_Init) for DS18B20_Init
    main.o(i.main) refers to ds18b20.o(i.DS18B20_Rst) for DS18B20_Rst
    main.o(i.main) refers to stm32f0xx_hal_gpio.o(i.HAL_GPIO_TogglePin) for HAL_GPIO_TogglePin
    main.o(i.main) refers to ds18b20.o(i.delay_us) for delay_us
    main.o(i.main) refers to oled.o(i.OLED_GPIO_Init) for OLED_GPIO_Init
    main.o(i.main) refers to oled.o(i.OLED_Init) for OLED_Init
    main.o(i.main) refers to stm32f0xx_hal_gpio.o(i.HAL_GPIO_WritePin) for HAL_GPIO_WritePin
    main.o(i.main) refers to oled.o(i.OLED_ShowString) for OLED_ShowString
    main.o(i.main) refers to tsw_30.o(i.TSW_Init) for TSW_Init
    main.o(i.main) refers to stm32f0xx_hal_uart.o(i.HAL_UART_Receive_IT) for HAL_UART_Receive_IT
    main.o(i.main) refers to stm32f0xx_hal_gpio.o(i.HAL_GPIO_ReadPin) for HAL_GPIO_ReadPin
[...]
    Removing stm32f0xx_hal_i2c.o(i.I2C_ITError), (280 bytes).
    Removing stm32f0xx_hal_i2c.o(i.I2C_ITListenCplt), (116 bytes).
    Removing stm32f0xx_hal_i2c.o(i.I2C_ITMasterCplt), (236 bytes).
    Removing stm32f0xx_hal_i2c.o(i.I2C_ITMasterSequentialCplt), (98 bytes).
    Removing stm32f0xx_hal_i2c.o(i.I2C_ITSlaveCplt), (316 bytes).
    Removing stm32f0xx_hal_i2c.o(i.I2C_ITSlaveSequentialCplt), (98 bytes).
    Removing stm32f0xx_hal_i2c.o(i.I2C_IsAcknowledgeFailed), (148 bytes).
    Removing stm32f0xx_hal_i2c.o(i.I2C_Master_ISR_DMA), (266 bytes).
    Removing stm32f0xx_hal_i2c.o(i.I2C_Master_ISR_IT), (428 bytes).
    Removing stm32f0xx_hal_i2c.o(i.I2C_RequestMemoryRead), (146 bytes).
    Removing stm32f0xx_hal_i2c.o(i.I2C_RequestMemoryWrite), (146 bytes).
    Removing stm32f0xx_hal_i2c.o(i.I2C_Slave_ISR_DMA), (158 bytes).
    Removing stm32f0xx_hal_i2c.o(i.I2C_Slave_ISR_IT), (352 bytes).
    Removing stm32f0xx_hal_i2c.o(i.I2C_TransferConfig), (48 bytes).
    Removing stm32f0xx_hal_i2c.o(i.I2C_WaitOnFlagUntilTimeout), (82 bytes).
    Removing stm32f0xx_hal_i2c.o(i.I2C_WaitOnRXNEFlagUntilTimeout), (152 bytes).
    Removing stm32f0xx_hal_i2c.o(i.I2C_WaitOnSTOPFlagUntilTimeout), (90 bytes).
    Removing stm32f0xx_hal_i2c.o(i.I2C_WaitOnTXISFlagUntilTimeout), (96 bytes).
    Removing stm32f0xx_hal_i2c_ex.o(.rev16_text), (4 bytes).
    Removing stm32f0xx_hal_i2c_ex.o(.revsh_text), (4 bytes).
    Removing stm32f0xx_hal_i2c_ex.o(i.HAL_I2CEx_ConfigAnalogFilter), (110 bytes).
    Removing stm32f0xx_hal_i2c_ex.o(i.HAL_I2CEx_ConfigDigitalFilter), (114 bytes).
    Removing stm32f0xx_hal_i2c_ex.o(i.HAL_I2CEx_DisableFastModePlus), (52 bytes).
    Removing stm32f0xx_hal_i2c_ex.o(i.HAL_I2CEx_DisableWakeUp), (100 bytes).
    Removing stm32f0xx_hal_i2c_ex.o(i.HAL_I2CEx_EnableFastModePlus), (52 bytes).
    Removing stm32f0xx_hal_i2c_ex.o(i.HAL_I2CEx_EnableWakeUp), (100 bytes).
    Removing stm32f0xx_hal_adc_ex.o(.rev16_text), (4 bytes).
    Removing stm32f0xx_hal_adc_ex.o(.revsh_text), (4 bytes).
    Removing stm32f0xx_hal_adc_ex.o(i.HAL_ADCEx_Calibration_Start), (228 bytes).
    Removing stm32f0xx_hal_adc.o(.rev16_text), (4 bytes).
    Removing stm32f0xx_hal_adc.o(.revsh_text), (4 bytes).
    Removing stm32f0xx_hal_adc.o(i.ADC_ConversionStop), (108 bytes).
    Removing stm32f0xx_hal_adc.o(i.ADC_DMAConvCplt), (134 bytes).
    Removing stm32f0xx_hal_adc.o(i.ADC_DMAError), (30 bytes).
    Removing stm32f0xx_hal_adc.o(i.ADC_DMAHalfConvCplt), (14 bytes).
    Removing stm32f0xx_hal_adc.o(i.ADC_Disable), (170 bytes).
    Removing stm32f0xx_hal_adc.o(i.HAL_ADC_ConvCpltCallback), (2 bytes).
    Removing stm32f0xx_hal_adc.o(i.HAL_ADC_ConvHalfCpltCallback), (2 bytes).
    Removing stm32f0xx_hal_adc.o(i.HAL_ADC_DeInit), (184 bytes).
    Removing stm32f0xx_hal_adc.o(i.HAL_ADC_ErrorCallback), (2 bytes).
    Removing stm32f0xx_hal_adc.o(i.HAL_ADC_GetError), (6 bytes).
    Removing stm32f0xx_hal_adc.o(i.HAL_ADC_GetState), (6 bytes).
    Removing stm32f0xx_hal_adc.o(i.HAL_ADC_IRQHandler), (278 bytes).
    Removing stm32f0xx_hal_adc.o(i.HAL_ADC_LevelOutOfWindowCallback), (2 bytes).
    Removing stm32f0xx_hal_adc.o(i.HAL_ADC_MspDeInit), (2 bytes).
    Removing stm32f0xx_hal_adc.o(i.HAL_ADC_MspInit), (2 bytes).
    Removing stm32f0xx_hal_adc.o(i.HAL_ADC_PollForEvent), (138 bytes).
    Removing stm32f0xx_hal_adc.o(i.HAL_ADC_Start_DMA), (192 bytes).
    Removing stm32f0xx_hal_adc.o(i.HAL_ADC_Start_IT), (168 bytes).
    Removing stm32f0xx_hal_adc.o(i.HAL_ADC_Stop), (80 bytes).
    Removing stm32f0xx_hal_adc.o(i.HAL_ADC_Stop_DMA), (136 bytes).
    Removing stm32f0xx_hal_adc.o(i.HAL_ADC_Stop_IT), (92 bytes).
    Removing system_stm32f0xx.o(.rev16_text), (4 bytes).
    Removing system_stm32f0xx.o(.revsh_text), (4 bytes).
    Removing system_stm32f0xx.o(i.SystemCoreClockUpdate), (176 bytes).
    Removing beep.o(.rev16_text), (4 bytes).
    Removing beep.o(.revsh_text), (4 bytes).
    Removing led.o(.rev16_text), (4 bytes).
    Removing led.o(.revsh_text), (4 bytes).
    Removing key.o(.rev16_text), (4 bytes).
    Removing key.o(.revsh_text), (4 bytes).
    Removing ds18b20.o(.rev16_text), (4 bytes).
    Removing ds18b20.o(.revsh_text), (4 bytes).
    Removing ds18b20.o(.data), (2 bytes).
    Removing uarst1.o(.rev16_text), (4 bytes).
    Removing uarst1.o(.revsh_text), (4 bytes).
    Removing oled.o(.rev16_text), (4 bytes).
    Removing oled.o(.revsh_text), (4 bytes).
    Removing oled.o(i.Draw_Vline), (316 bytes).
    Removing oled.o(i.OLED_Clearrow), (46 bytes).
    Removing oled.o(i.OLED_Display_Off), (22 bytes).
    Removing oled.o(i.OLED_Display_On), (22 bytes).
    Removing oled.o(i.OLED_On), (56 bytes).
    Removing oled.o(i.OLED_ShowCHinese), (92 bytes).
    Removing oled.o(i.OLED_Showdecimal), (306 bytes).
    Removing oled.o(i.OLED_ver_scroll), (58 bytes).
    Removing oled.o(.bss), (76 bytes).
    Removing oled.o(.data), (588 bytes).
    Removing tsw_30.o(.rev16_text), (4 bytes).
    Removing tsw_30.o(.revsh_text), (4 bytes).
    Removing function.o(.rev16_text), (4 bytes).
    Removing function.o(.revsh_text), (4 bytes).
    Removing event_groups.o(i.prvTestWaitCondition), (34 bytes).
    Removing event_groups.o(i.vEventGroupClearBitsCallback), (16 bytes).
    Removing event_groups.o(i.vEventGroupDelete), (42 bytes).
    Removing event_groups.o(i.vEventGroupSetBitsCallback), (16 bytes).
    Removing event_groups.o(i.xEventGroupClearBits), (28 bytes).
    Removing event_groups.o(i.xEventGroupCreate), (28 bytes).
    Removing event_groups.o(i.xEventGroupGetBitsFromISR), (24 bytes).
    Removing event_groups.o(i.xEventGroupSetBits), (166 bytes).
    Removing event_groups.o(i.xEventGroupSync), (166 bytes).
    Removing event_groups.o(i.xEventGroupWaitBits), (206 bytes).
    Removing list.o(i.uxListRemove), (40 bytes).
    Removing list.o(i.vListInitialise), (26 bytes).
    Removing list.o(i.vListInitialiseItem), (6 bytes).
    Removing list.o(i.vListInsert), (54 bytes).
    Removing list.o(i.vListInsertEnd), (24 bytes).
    Removing queue.o(i.pcQueueGetName), (44 bytes).
    Removing queue.o(i.prvCopyDataFromQueue), (44 bytes).
    Removing queue.o(i.prvCopyDataToQueue), (128 bytes).
    Removing queue.o(i.prvGetDisinheritPriorityAfterTimeout), (22 bytes).
    Removing queue.o(i.prvInitialiseMutex), (32 bytes).
    Removing queue.o(i.prvInitialiseNewQueue), (34 bytes).
    Removing queue.o(i.prvIsQueueEmpty), (28 bytes).
    Removing queue.o(i.prvIsQueueFull), (30 bytes).
    Removing queue.o(i.prvUnlockQueue), (142 bytes).
    Removing queue.o(i.uxQueueMessagesWaiting), (18 bytes).
    Removing queue.o(i.uxQueueMessagesWaitingFromISR), (8 bytes).
    Removing queue.o(i.uxQueueSpacesAvailable), (24 bytes).
    Removing queue.o(i.vQueueAddToRegistry), (76 bytes).
    Removing queue.o(i.vQueueDelete), (20 bytes).
    Removing queue.o(i.vQueueUnregisterQueue), (52 bytes).
    Removing queue.o(i.vQueueWaitForMessageRestricted), (76 bytes).
    Removing queue.o(i.xQueueCreateMutex), (30 bytes).
    Removing queue.o(i.xQueueGenericCreate), (86 bytes).
    Removing queue.o(i.xQueueGenericReset), (148 bytes).
    Removing queue.o(i.xQueueGenericSend), (252 bytes).
    Removing queue.o(i.xQueueGenericSendFromISR), (144 bytes).
    Removing queue.o(i.xQueueGiveFromISR), (130 bytes).
    Removing queue.o(i.xQueueIsQueueEmptyFromISR), (18 bytes).
    Removing queue.o(i.xQueueIsQueueFullFromISR), (22 bytes).
    Removing queue.o(i.xQueuePeek), (242 bytes).
    Removing queue.o(i.xQueuePeekFromISR), (48 bytes).
    Removing queue.o(i.xQueueReceive), (238 bytes).
    Removing queue.o(i.xQueueReceiveFromISR), (132 bytes).
    Removing queue.o(i.xQueueSemaphoreTake), (298 bytes).
    Removing queue.o(.bss), (80 bytes).
    Removing stream_buffer.o(i.prvBytesInBuffer), (24 bytes).
    Removing stream_buffer.o(i.prvInitialiseNewStreamBuffer), (30 bytes).
    Removing stream_buffer.o(i.prvReadBytesFromBuffer), (74 bytes).
    Removing stream_buffer.o(i.prvReadMessageFromBuffer), (90 bytes).
    Removing stream_buffer.o(i.prvWriteBytesToBuffer), (74 bytes).
    Removing stream_buffer.o(i.prvWriteMessageToBuffer), (86 bytes).
    Removing stream_buffer.o(i.vStreamBufferDelete), (34 bytes).
    Removing stream_buffer.o(i.xStreamBufferBytesAvailable), (18 bytes).
    Removing stream_buffer.o(i.xStreamBufferGenericCreate), (84 bytes).
    Removing stream_buffer.o(i.xStreamBufferIsEmpty), (22 bytes).
    Removing stream_buffer.o(i.xStreamBufferIsFull), (42 bytes).
    Removing stream_buffer.o(i.xStreamBufferNextMessageLengthBytes), (54 bytes).
    Removing stream_buffer.o(i.xStreamBufferReceive), (174 bytes).
    Removing stream_buffer.o(i.xStreamBufferReceiveCompletedFromISR), (58 bytes).
    Removing stream_buffer.o(i.xStreamBufferReceiveFromISR), (108 bytes).
    Removing stream_buffer.o(i.xStreamBufferReset), (64 bytes).
    Removing stream_buffer.o(i.xStreamBufferSend), (230 bytes).
    Removing stream_buffer.o(i.xStreamBufferSendCompletedFromISR), (58 bytes).
    Removing stream_buffer.o(i.xStreamBufferSendFromISR), (118 bytes).
    Removing stream_buffer.o(i.xStreamBufferSetTriggerLevel), (28 bytes).
    Removing stream_buffer.o(i.xStreamBufferSpacesAvailable), (40 bytes).
    Removing tasks.o(i.pcTaskGetName), (28 bytes).
    Removing tasks.o(i.prvAddCurrentTaskToDelayedList), (164 bytes).
    Removing tasks.o(i.prvAddNewTaskToReadyList), (208 bytes).
    Removing tasks.o(i.prvCheckTasksWaitingTermination), (72 bytes).
    Removing tasks.o(i.prvDeleteTCB), (18 bytes).
    Removing tasks.o(i.prvIdleTask), (24 bytes).
    Removing tasks.o(i.prvInitialiseNewTask), (128 bytes).
    Removing tasks.o(i.prvInitialiseTaskLists), (100 bytes).
    Removing tasks.o(i.prvTaskIsTaskSuspended), (72 bytes).
    Removing tasks.o(i.pvTaskIncrementMutexHeldCount), (32 bytes).
    Removing tasks.o(i.ulTaskGenericNotifyTake), (124 bytes).
    Removing tasks.o(i.ulTaskGenericNotifyValueClear), (68 bytes).
    Removing tasks.o(i.uxTaskGetNumberOfTasks), (12 bytes).
    Removing tasks.o(i.uxTaskPriorityGet), (36 bytes).
    Removing tasks.o(i.uxTaskPriorityGetFromISR), (40 bytes).
    Removing tasks.o(i.uxTaskResetEventItemValue), (28 bytes).
    Removing tasks.o(i.vTaskDelay), (38 bytes).
    Removing tasks.o(i.vTaskDelete), (160 bytes).
    Removing tasks.o(i.vTaskEndScheduler), (20 bytes).
    Removing tasks.o(i.vTaskGenericNotifyGiveFromISR), (268 bytes).
    Removing tasks.o(i.vTaskInternalSetTimeOutState), (24 bytes).
    Removing tasks.o(i.vTaskMissedYield), (12 bytes).
    Removing tasks.o(i.vTaskPlaceOnEventList), (32 bytes).
    Removing tasks.o(i.vTaskPlaceOnEventListRestricted), (76 bytes).
    Removing tasks.o(i.vTaskPlaceOnUnorderedEventList), (80 bytes).
    Removing tasks.o(i.vTaskPriorityDisinheritAfterTimeout), (184 bytes).
    Removing tasks.o(i.vTaskPrioritySet), (252 bytes).
    Removing tasks.o(i.vTaskRemoveFromUnorderedEventList), (200 bytes).
    Removing tasks.o(i.vTaskResume), (148 bytes).
    Removing tasks.o(i.vTaskSetTimeOutState), (36 bytes).
    Removing tasks.o(i.vTaskStartScheduler), (104 bytes).
    Removing tasks.o(i.vTaskSuspend), (168 bytes).
    Removing tasks.o(i.vTaskSuspendAll), (16 bytes).
    Removing tasks.o(i.xTaskCatchUpTicks), (40 bytes).
    Removing tasks.o(i.xTaskCheckForTimeOut), (100 bytes).
    Removing tasks.o(i.xTaskCreate), (100 bytes).
    Removing tasks.o(i.xTaskDelayUntil), (100 bytes).
    Removing tasks.o(i.xTaskGenericNotify), (304 bytes).
    Removing tasks.o(i.xTaskGenericNotifyFromISR), (376 bytes).
    Removing tasks.o(i.xTaskGenericNotifyStateClear), (60 bytes).
    Removing tasks.o(i.xTaskGenericNotifyWait), (152 bytes).
    Removing tasks.o(i.xTaskGetCurrentTaskHandle), (12 bytes).
    Removing tasks.o(i.xTaskGetSchedulerState), (36 bytes).
    Removing tasks.o(i.xTaskGetTickCount), (12 bytes).
    Removing tasks.o(i.xTaskGetTickCountFromISR), (12 bytes).
    Removing tasks.o(i.xTaskPriorityDisinherit), (140 bytes).
    Removing tasks.o(i.xTaskPriorityInherit), (208 bytes).
    Removing tasks.o(i.xTaskRemoveFromEventList), (256 bytes).
    Removing tasks.o(i.xTaskResumeAll), (332 bytes).
    Removing tasks.o(i.xTaskResumeFromISR), (180 bytes).
    Removing timers.o(i.pcTimerGetName), (8 bytes).
    Removing timers.o(i.prvCheckForValidListAndQueue), (104 bytes).
    Removing timers.o(i.prvGetNextExpireTime), (44 bytes).
    Removing timers.o(i.prvInitialiseNewTimer), (54 bytes).
    Removing timers.o(i.prvInsertTimerInActiveList), (84 bytes).
    Removing timers.o(i.prvProcessExpiredTimer), (68 bytes).
    Removing timers.o(i.prvProcessReceivedCommands), (260 bytes).
    Removing timers.o(i.prvProcessTimerOrBlockTask), (108 bytes).
    Removing timers.o(i.prvReloadTimer), (40 bytes).
    Removing timers.o(i.prvSampleTimeNow), (44 bytes).
    Removing timers.o(i.prvSwitchTimerLists), (68 bytes).
    Removing timers.o(i.prvTimerTask), (26 bytes).
    Removing timers.o(i.pvTimerGetTimerID), (20 bytes).
    Removing timers.o(i.uxTimerGetReloadMode), (12 bytes).
    Removing timers.o(i.vTimerSetReloadMode), (48 bytes).
    Removing timers.o(i.vTimerSetTimerID), (20 bytes).
    Removing timers.o(i.xTimerCreate), (50 bytes).
    Removing timers.o(i.xTimerCreateTimerTask), (64 bytes).
    Removing timers.o(i.xTimerGenericCommand), (104 bytes).
    Removing timers.o(i.xTimerGetExpiryTime), (8 bytes).
    Removing timers.o(i.xTimerGetPeriod), (8 bytes).
    Removing timers.o(i.xTimerGetReloadMode), (36 bytes).
    Removing timers.o(i.xTimerGetTimerDaemonTaskHandle), (12 bytes).
    Removing timers.o(i.xTimerIsTimerActive), (36 bytes).
    Removing timers.o(.bss), (40 bytes).
    Removing timers.o(.data), (20 bytes).
    Removing port.o(i.prvTaskExitError), (6 bytes).
    Removing port.o(i.pxPortInitialiseStack), (32 bytes).
    Removing port.o(i.vPortEndScheduler), (2 bytes).
    Removing port.o(i.vPortEnterCritical), (28 bytes).
    Removing port.o(i.vPortExitCritical), (28 bytes).
    Removing port.o(i.vPortSetupTimerInterrupt), (28 bytes).
    Removing port.o(i.vPortYield), (24 bytes).
    Removing port.o(i.xPortStartScheduler), (56 bytes).
    Removing port.o(.data), (4 bytes).
    Removing heap_4.o(i.prvHeapInit), (112 bytes).
    Removing heap_4.o(i.prvInsertBlockIntoFreeList), (104 bytes).
    Removing heap_4.o(i.pvPortCalloc), (66 bytes).
    Removing heap_4.o(i.pvPortMalloc), (240 bytes).
    Removing heap_4.o(i.vPortFree), (84 bytes).
    Removing heap_4.o(i.vPortGetHeapStats), (128 bytes).
    Removing heap_4.o(i.vPortInitialiseBlocks), (2 bytes).
    Removing heap_4.o(i.xPortGetFreeHeapSize), (12 bytes).
    Removing heap_4.o(i.xPortGetMinimumEverFreeHeapSize), (12 bytes).
    Removing heap_4.o(.bss), (4048 bytes).
    Removing heap_4.o(.data), (28 bytes).
    Removing fadd.o(.text), (178 bytes).
    Removing fmul.o(.text), (122 bytes).
    Removing fflti.o(.text), (22 bytes).
    Removing ffltui.o(.text), (14 bytes).
    Removing ffixi.o(.text), (50 bytes).
    Removing fepilogue.o(.text), (130 bytes).
    Removing dadd.o(.text), (356 bytes).
    Removing ddiv.o(.text), (240 bytes).
    Removing dfixul.o(.text), (64 bytes).
    Removing cdrcmple.o(.text), (40 bytes).
    Removing stm32f0xx_hal_dma.o(i.__ARM_common_switch8), (28 bytes).

542 unused section(s) (total 49290 bytes) removed from the image.

==============================================================================

Image Symbol Table

    Local Symbols

    Symbol Name                              Value     Ov Type        Size  Object(Section)

    ../Drivers/STM32F0xx_HAL_Driver/Src/stm32f0xx_hal.c 0x00000000   Number         0  stm32f0xx_hal.o ABSOLUTE
    ../Drivers/STM32F0xx_HAL_Driver/Src/stm32f0xx_hal_cortex.c 0x00000000   Number         0  stm32f0xx_hal_cortex.o ABSOLUTE
    ../Drivers/STM32F0xx_HAL_Driver/Src/stm32f0xx_hal_dma.c 0x00000000   Number         0  stm32f0xx_hal_dma.o ABSOLUTE
    ../Drivers/STM32F0xx_HAL_Driver/Src/stm32f0xx_hal_flash.c 0x00000000   Number         0  stm32f0xx_hal_flash.o ABSOLUTE
    ../Drivers/STM32F0xx_HAL_Driver/Src/stm32f0xx_hal_flash_ex.c 0x00000000   Number         0  stm32f0xx_hal_flash_ex.o ABSOLUTE
    ../Drivers/STM32F0xx_HAL_Driver/Src/stm32f0xx_hal_gpio.c 0x00000000   Number         0  stm32f0xx_hal_gpio.o ABSOLUTE
    ../Drivers/STM32F0xx_HAL_Driver/Src/stm32f0xx_hal_pwr.c 0x00000000   Number         0  stm32f0xx_hal_pwr.o ABSOLUTE
    ../Drivers/STM32F0xx_HAL_Driver/Src/stm32f0xx_hal_pwr_ex.c 0x00000000   Number         0  stm32f0xx_hal_pwr_ex.o ABSOLUTE
    ../Drivers/STM32F0xx_HAL_Driver/Src/stm32f0xx_hal_rcc.c 0x00000000   Number         0  stm32f0xx_hal_rcc.o ABSOLUTE
    ../Drivers/STM32F0xx_HAL_Driver/Src/stm32f0xx_hal_rcc_ex.c 0x00000000   Number         0  stm32f0xx_hal_rcc_ex.o ABSOLUTE
    ../Drivers/STM32F0xx_HAL_Driver/Src/stm32f0xx_hal_tim.c 0x00000000   Number         0  stm32f0xx_hal_tim.o ABSOLUTE
    ../Drivers/STM32F0xx_HAL_Driver/Src/stm32f0xx_hal_tim_ex.c 0x00000000   Number         0  stm32f0xx_hal_tim_ex.o ABSOLUTE
    ../Src/main.c                            0x00000000   Number         0  main.o ABSOLUTE
    ../Src/stm32f0xx_hal_msp.c               0x00000000   Number         0  stm32f0xx_hal_msp.o ABSOLUTE
    ../Src/stm32f0xx_it.c                    0x00000000   Number         0  stm32f0xx_it.o ABSOLUTE
    ../Src/system_stm32f0xx.c                0x00000000   Number         0  system_stm32f0xx.o ABSOLUTE
    ../clib/../cmprslib/zerorunl2.c          0x00000000   Number         0  __dczerorl2.o ABSOLUTE
    ../clib/microlib/division.c              0x00000000   Number         0  uidiv.o ABSOLUTE
    ../clib/microlib/division.c              0x00000000   Number         0  idiv.o ABSOLUTE
    ../clib/microlib/division.c              0x00000000   Number         0  uldiv.o ABSOLUTE
    ../clib/microlib/init/entry.s            0x00000000   Number         0  entry9a.o ABSOLUTE
    ../clib/microlib/init/entry.s            0x00000000   Number         0  entry.o ABSOLUTE
    ../clib/microlib/init/entry.s            0x00000000   Number         0  entry7b.o ABSOLUTE
    ../clib/microlib/init/entry.s            0x00000000   Number         0  entry8a.o ABSOLUTE
    ../clib/microlib/init/entry.s            0x00000000   Number         0  entry8b.o ABSOLUTE
    ../clib/microlib/init/entry.s            0x00000000   Number         0  entry11b.o ABSOLUTE
    ../clib/microlib/init/entry.s            0x00000000   Number         0  entry10a.o ABSOLUTE
    ../clib/microlib/init/entry.s            0x00000000   Number         0  entry9b.o ABSOLUTE
    ../clib/microlib/init/entry.s            0x00000000   Number         0  entry7a.o ABSOLUTE
    ../clib/microlib/init/entry.s            0x00000000   Number         0  entry10b.o ABSOLUTE
    ../clib/microlib/init/entry.s            0x00000000   Number         0  entry11a.o ABSOLUTE
    ../clib/microlib/init/entry.s            0x00000000   Number         0  entry5.o ABSOLUTE
    ../clib/microlib/init/entry.s            0x00000000   Number         0  entry2.o ABSOLUTE
    ../clib/microlib/longlong.c              0x00000000   Number         0  llushr.o ABSOLUTE
    ../clib/microlib/longlong.c              0x00000000   Number         0  llsshr.o ABSOLUTE
    ../clib/microlib/longlong.c              0x00000000   Number         0  llshl.o ABSOLUTE
    ../clib/microlib/printf/printf.c         0x00000000   Number         0  printf7.o ABSOLUTE
    ../clib/microlib/printf/printf.c         0x00000000   Number         0  printf2.o ABSOLUTE
    ../clib/microlib/printf/printf.c         0x00000000   Number         0  printf8.o ABSOLUTE
    ../clib/microlib/printf/printf.c         0x00000000   Number         0  printfa.o ABSOLUTE
    ../clib/microlib/printf/printf.c         0x00000000   Number         0  printfb.o ABSOLUTE
    ../clib/microlib/printf/printf.c         0x00000000   Number         0  printf3.o ABSOLUTE
    ../clib/microlib/printf/printf.c         0x00000000   Number         0  printf4.o ABSOLUTE
    ../clib/microlib/printf/printf.c         0x00000000   Number         0  printf5.o ABSOLUTE
    ../clib/microlib/printf/printf.c         0x00000000   Number         0  printf6.o ABSOLUTE
    ../clib/microlib/printf/printf.c         0x00000000   Number         0  printf0.o ABSOLUTE
    ../clib/microlib/printf/printf.c         0x00000000   Number         0  printf1.o ABSOLUTE
    ../clib/microlib/printf/stubs.s          0x00000000   Number         0  stubs.o ABSOLUTE
    ../clib/microlib/string/memcpy.c         0x00000000   Number         0  memcpyb.o ABSOLUTE
    ../clib/microlib/string/memcpy.c         0x00000000   Number         0  memcpya.o ABSOLUTE
    ../clib/microlib/string/memset.c         0x00000000   Number         0  memseta.o ABSOLUTE
    ../clib/microlib/stubs.s                 0x00000000   Number         0  iusefp.o ABSOLUTE
    ../fplib/microlib/fpadd.c                0x00000000   Number         0  dadd.o ABSOLUTE
    ../fplib/microlib/fpadd.c                0x00000000   Number         0  fadd.o ABSOLUTE
    ../fplib/microlib/fpdiv.c                0x00000000   Number         0  ddiv.o ABSOLUTE
    ../fplib/microlib/fpepilogue.c           0x00000000   Number         0  fepilogue.o ABSOLUTE
    ../fplib/microlib/fpepilogue.c           0x00000000   Number         0  depilogue.o ABSOLUTE
    ../fplib/microlib/fpfix.c                0x00000000   Number         0  dfixul.o ABSOLUTE
    ../fplib/microlib/fpfix.c                0x00000000   Number         0  dfixi.o ABSOLUTE
    ../fplib/microlib/fpfix.c                0x00000000   Number         0  ffixi.o ABSOLUTE
    ../fplib/microlib/fpflt.c                0x00000000   Number         0  dflti.o ABSOLUTE
    ../fplib/microlib/fpflt.c                0x00000000   Number         0  ffltui.o ABSOLUTE
    ../fplib/microlib/fpflt.c                0x00000000   Number         0  fflti.o ABSOLUTE
    ../fplib/microlib/fpmul.c                0x00000000   Number         0  fmul.o ABSOLUTE
    ../fplib/microlib/fpmul.c                0x00000000   Number         0  dmul.o ABSOLUTE
    ..\Drivers\STM32F0xx_HAL_Driver\Src\stm32f0xx_hal.c 0x00000000   Number         0  stm32f0xx_hal.o ABSOLUTE
    ..\Drivers\STM32F0xx_HAL_Driver\Src\stm32f0xx_hal_adc.c 0x00000000   Number         0  stm32f0xx_hal_adc.o ABSOLUTE
    ..\Drivers\STM32F0xx_HAL_Driver\Src\stm32f0xx_hal_adc_ex.c 0x00000000   Number         0  stm32f0xx_hal_adc_ex.o ABSOLUTE
    ..\Drivers\STM32F0xx_HAL_Driver\Src\stm32f0xx_hal_cortex.c 0x00000000   Number         0  stm32f0xx_hal_cortex.o ABSOLUTE
    ..\Drivers\STM32F0xx_HAL_Driver\Src\stm32f0xx_hal_dma.c 0x00000000   Number         0  stm32f0xx_hal_dma.o ABSOLUTE
    ..\Drivers\STM32F0xx_HAL_Driver\Src\stm32f0xx_hal_flash.c 0x00000000   Number         0  stm32f0xx_hal_flash.o ABSOLUTE
    ..\Drivers\STM32F0xx_HAL_Driver\Src\stm32f0xx_hal_flash_ex.c 0x00000000   Number         0  stm32f0xx_hal_flash_ex.o ABSOLUTE
    ..\Drivers\STM32F0xx_HAL_Driver\Src\stm32f0xx_hal_gpio.c 0x00000000   Number         0  stm32f0xx_hal_gpio.o ABSOLUTE
    ..\Drivers\STM32F0xx_HAL_Driver\Src\stm32f0xx_hal_i2c.c 0x00000000   Number         0  stm32f0xx_hal_i2c.o ABSOLUTE
    ..\Drivers\STM32F0xx_HAL_Driver\Src\stm32f0xx_hal_i2c_ex.c 0x00000000   Number         0  stm32f0xx_hal_i2c_ex.o ABSOLUTE
    ..\Drivers\STM32F0xx_HAL_Driver\Src\stm32f0xx_hal_pwr.c 0x00000000   Number         0  stm32f0xx_hal_pwr.o ABSOLUTE
    ..\Drivers\STM32F0xx_HAL_Driver\Src\stm32f0xx_hal_pwr_ex.c 0x00000000   Number         0  stm32f0xx_hal_pwr_ex.o ABSOLUTE
    ..\Drivers\STM32F0xx_HAL_Driver\Src\stm32f0xx_hal_rcc.c 0x00000000   Number         0  stm32f0xx_hal_rcc.o ABSOLUTE
    ..\Drivers\STM32F0xx_HAL_Driver\Src\stm32f0xx_hal_rcc_ex.c 0x00000000   Number         0  stm32f0xx_hal_rcc_ex.o ABSOLUTE
    ..\Drivers\STM32F0xx_HAL_Driver\Src\stm32f0xx_hal_tim.c 0x00000000   Number         0  stm32f0xx_hal_tim.o ABSOLUTE
    ..\Drivers\STM32F0xx_HAL_Driver\Src\stm32f0xx_hal_tim_ex.c 0x00000000   Number         0  stm32f0xx_hal_tim_ex.o ABSOLUTE
    ..\Drivers\STM32F0xx_HAL_Driver\Src\stm32f0xx_hal_uart.c 0x00000000   Number         0  stm32f0xx_hal_uart.o ABSOLUTE
    ..\Drivers\STM32F0xx_HAL_Driver\Src\stm32f0xx_hal_uart_ex.c 0x00000000   Number         0  stm32f0xx_hal_uart_ex.o ABSOLUTE
    ..\Drivers\STM32F0xx_HAL_Driver\Src\stm32f0xx_hal_usart.c 0x00000000   Number         0  stm32f0xx_hal_usart.o ABSOLUTE
    ..\Src\main.c                            0x00000000   Number         0  main.o ABSOLUTE
    ..\Src\stm32f0xx_hal_msp.c               0x00000000   Number         0  stm32f0xx_hal_msp.o ABSOLUTE
    ..\Src\stm32f0xx_it.c                    0x00000000   Number         0  stm32f0xx_it.o ABSOLUTE
    ..\Src\system_stm32f0xx.c                0x00000000   Number         0  system_stm32f0xx.o ABSOLUTE
    ..\\Drivers\\STM32F0xx_HAL_Driver\\Src\\stm32f0xx_hal_adc.c 0x00000000   Number         0  stm32f0xx_hal_adc.o ABSOLUTE
    ..\\Drivers\\STM32F0xx_HAL_Driver\\Src\\stm32f0xx_hal_adc_ex.c 0x00000000   Number         0  stm32f0xx_hal_adc_ex.o ABSOLUTE
    ..\\Drivers\\STM32F0xx_HAL_Driver\\Src\\stm32f0xx_hal_i2c.c 0x00000000   Number         0  stm32f0xx_hal_i2c.o ABSOLUTE
    ..\\Drivers\\STM32F0xx_HAL_Driver\\Src\\stm32f0xx_hal_i2c_ex.c 0x00000000   Number         0  stm32f0xx_hal_i2c_ex.o ABSOLUTE
    ..\\Drivers\\STM32F0xx_HAL_Driver\\Src\\stm32f0xx_hal_uart.c 0x00000000   Number         0  stm32f0xx_hal_uart.o ABSOLUTE
    ..\\Drivers\\STM32F0xx_HAL_Driver\\Src\\stm32f0xx_hal_uart_ex.c 0x00000000   Number         0  stm32f0xx_hal_uart_ex.o ABSOLUTE
    ..\\Drivers\\STM32F0xx_HAL_Driver\\Src\\stm32f0xx_hal_usart.c 0x00000000   Number         0  stm32f0xx_hal_usart.o ABSOLUTE
    FreeRTOS\\port.c                         0x00000000   Number         0  port.o ABSOLUTE
    FreeRTOS\croutine.c                      0x00000000   Number         0  croutine.o ABSOLUTE
    FreeRTOS\event_groups.c                  0x00000000   Number         0  event_groups.o ABSOLUTE
    FreeRTOS\heap_4.c                        0x00000000   Number         0  heap_4.o ABSOLUTE
    FreeRTOS\list.c                          0x00000000   Number         0  list.o ABSOLUTE
    FreeRTOS\port.c                          0x00000000   Number         0  port.o ABSOLUTE
    FreeRTOS\queue.c                         0x00000000   Number         0  queue.o ABSOLUTE
    FreeRTOS\stream_buffer.c                 0x00000000   Number         0  stream_buffer.o ABSOLUTE
    FreeRTOS\tasks.c                         0x00000000   Number         0  tasks.o ABSOLUTE
    FreeRTOS\timers.c                        0x00000000   Number         0  timers.o ABSOLUTE
    Hardware\BEEP\beep.c                     0x00000000   Number         0  beep.o ABSOLUTE
    Hardware\DS18B20\ds18b20.c               0x00000000   Number         0  ds18b20.o ABSOLUTE
    Hardware\KEY\key.c                       0x00000000   Number         0  key.o ABSOLUTE
    Hardware\LED\led.c                       0x00000000   Number         0  led.o ABSOLUTE
    Hardware\TSW-30\tsw_30.c                 0x00000000   Number         0  tsw_30.o ABSOLUTE
    Hardware\UARST\uarst1.c                  0x00000000   Number         0  uarst1.o ABSOLUTE
    Hardware\\BEEP\\beep.c                   0x00000000   Number         0  beep.o ABSOLUTE
    Hardware\\DS18B20\\ds18b20.c             0x00000000   Number         0  ds18b20.o ABSOLUTE
    Hardware\\KEY\\key.c                     0x00000000   Number         0  key.o ABSOLUTE
    Hardware\\LED\\led.c                     0x00000000   Number         0  led.o ABSOLUTE
    Hardware\\TSW-30\\tsw_30.c               0x00000000   Number         0  tsw_30.o ABSOLUTE
    Hardware\\UARST\\uarst1.c                0x00000000   Number         0  uarst1.o ABSOLUTE
    Hardware\\function.c                     0x00000000   Number         0  function.o ABSOLUTE
    Hardware\\oled\\oled.c                   0x00000000   Number         0  oled.o ABSOLUTE
    Hardware\function.c                      0x00000000   Number         0  function.o ABSOLUTE
    Hardware\oled\oled.c                     0x00000000   Number         0  oled.o ABSOLUTE
    cdrcmple.s                               0x00000000   Number         0  cdrcmple.o ABSOLUTE
    dc.s                                     0x00000000   Number         0  dc.o ABSOLUTE
    handlers.s                               0x00000000   Number         0  handlers.o ABSOLUTE
    init.s                                   0x00000000   Number         0  init.o ABSOLUTE
    startup_stm32f031x6.s                    0x00000000   Number         0  startup_stm32f031x6.o ABSOLUTE
    RESET                                    0x08000000   Section      176  startup_stm32f031x6.o(RESET)
    .ARM.Collect$$$$00000000                 0x080000b0   Section        0  entry.o(.ARM.Collect$$$$00000000)
    .ARM.Collect$$$$00000001                 0x080000b0   Section        4  entry2.o(.ARM.Collect$$$$00000001)
    .ARM.Collect$$$$00000004                 0x080000b4   Section        4  entry5.o(.ARM.Collect$$$$00000004)
    .ARM.Collect$$$$00000008                 0x080000b8   Section        0  entry7b.o(.ARM.Collect$$$$00000008)
    .ARM.Collect$$$$0000000A                 0x080000b8   Section        0  entry8b.o(.ARM.Collect$$$$0000000A)
    .ARM.Collect$$$$0000000B                 0x080000b8   Section        8  entry9a.o(.ARM.Collect$$$$0000000B)
    .ARM.Collect$$$$0000000D                 0x080000c0   Section        0  entry10a.o(.ARM.Collect$$$$0000000D)
    .ARM.Collect$$$$0000000F                 0x080000c0   Section        0  entry11a.o(.ARM.Collect$$$$0000000F)
    .ARM.Collect$$$$00002712                 0x080000c0   Section        4  entry2.o(.ARM.Collect$$$$00002712)
    __lit__00000000                          0x080000c0   Data           4  entry2.o(.ARM.Collect$$$$00002712)
    .emb_text                                0x080000c4   Section      120  port.o(.emb_text)
    .text                                    0x0800013c   Section       28  startup_stm32f031x6.o(.text)
    .text                                    0x08000158   Section        0  uidiv.o(.text)
    .text                                    0x08000184   Section        0  idiv.o(.text)
    .text                                    0x080001ac   Section        0  llushr.o(.text)
    .text                                    0x080001ce   Section        0  memseta.o(.text)
    .text                                    0x080001f4   Section        0  dmul.o(.text)
    .text                                    0x080002c4   Section        0  dflti.o(.text)
    .text                                    0x080002ec   Section        0  dfixi.o(.text)
    .text                                    0x08000334   Section        0  depilogue.o(.text)
    .text                                    0x08000334   Section        0  iusefp.o(.text)
    .text                                    0x080003f4   Section       36  init.o(.text)
    .text                                    0x08000418   Section        0  llshl.o(.text)
    .text                                    0x08000438   Section        0  __dczerorl2.o(.text)
    i.ADC_Enable                             0x08000490   Section        0  stm32f0xx_hal_adc.o(i.ADC_Enable)
    ADC_Enable                               0x08000491   Thumb Code   198  stm32f0xx_hal_adc.o(i.ADC_Enable)
    i.BEEP_Init                              0x08000564   Section        0  beep.o(i.BEEP_Init)
    i.DS18B20_Check                          0x080005c0   Section        0  ds18b20.o(i.DS18B20_Check)
    i.DS18B20_Get_Temp                       0x0800062c   Section        0  ds18b20.o(i.DS18B20_Get_Temp)
    i.DS18B20_Init                           0x080006a0   Section        0  ds18b20.o(i.DS18B20_Init)
    i.DS18B20_Read_Bit                       0x080006f0   Section        0  ds18b20.o(i.DS18B20_Read_Bit)
    i.DS18B20_Read_Byte                      0x08000768   Section        0  ds18b20.o(i.DS18B20_Read_Byte)
    i.DS18B20_Rst                            0x0800078c   Section        0  ds18b20.o(i.DS18B20_Rst)
    i.DS18B20_Start                          0x080007d8   Section        0  ds18b20.o(i.DS18B20_Start)
    i.DS18B20_Write_Byte                     0x080007f0   Section        0  ds18b20.o(i.DS18B20_Write_Byte)
    i.Error_Handler                          0x08000874   Section        0  main.o(i.Error_Handler)
    i.HAL_ADC_AnalogWDGConfig                0x0800087c   Section        0  stm32f0xx_hal_adc.o(i.HAL_ADC_AnalogWDGConfig)
    i.HAL_ADC_ConfigChannel                  0x08000950   Section        0  stm32f0xx_hal_adc.o(i.HAL_ADC_ConfigChannel)
    i.HAL_ADC_GetValue                       0x08000afc   Section        0  stm32f0xx_hal_adc.o(i.HAL_ADC_GetValue)
    i.HAL_ADC_Init                           0x08000b04   Section        0  stm32f0xx_hal_adc.o(i.HAL_ADC_Init)
    i.HAL_ADC_MspInit                        0x08000cc4   Section        0  stm32f0xx_hal_msp.o(i.HAL_ADC_MspInit)
    i.HAL_ADC_PollForConversion              0x08000d48   Section        0  stm32f0xx_hal_adc.o(i.HAL_ADC_PollForConversion)
    i.HAL_ADC_Start                          0x08000e2c   Section        0  stm32f0xx_hal_adc.o(i.HAL_ADC_Start)
    i.HAL_DMA_Abort_IT                       0x08000ea4   Section        0  stm32f0xx_hal_dma.o(i.HAL_DMA_Abort_IT)
    i.HAL_GPIO_Init                          0x08000efc   Section        0  stm32f0xx_hal_gpio.o(i.HAL_GPIO_Init)
    i.HAL_GPIO_ReadPin                       0x080010dc   Section        0  stm32f0xx_hal_gpio.o(i.HAL_GPIO_ReadPin)
    i.HAL_GPIO_TogglePin                     0x080010ee   Section        0  stm32f0xx_hal_gpio.o(i.HAL_GPIO_TogglePin)
    i.HAL_GPIO_WritePin                      0x080010f6   Section        0  stm32f0xx_hal_gpio.o(i.HAL_GPIO_WritePin)
    i.HAL_GetTick                            0x08001104   Section        0  stm32f0xx_hal.o(i.HAL_GetTick)
    i.HAL_IncTick                            0x08001110   Section        0  stm32f0xx_hal.o(i.HAL_IncTick)
    i.HAL_Init                               0x08001120   Section        0  stm32f0xx_hal.o(i.HAL_Init)
    i.HAL_InitTick                           0x08001140   Section        0  stm32f0xx_hal.o(i.HAL_InitTick)
    i.HAL_MspInit                            0x08001168   Section        0  stm32f0xx_hal_msp.o(i.HAL_MspInit)
    i.HAL_NVIC_EnableIRQ                     0x080011a8   Section        0  stm32f0xx_hal_cortex.o(i.HAL_NVIC_EnableIRQ)
    i.HAL_NVIC_SetPriority                   0x080011c0   Section        0  stm32f0xx_hal_cortex.o(i.HAL_NVIC_SetPriority)
    i.HAL_RCCEx_PeriphCLKConfig              0x080011d4   Section        0  stm32f0xx_hal_rcc_ex.o(i.HAL_RCCEx_PeriphCLKConfig)
    i.HAL_RCC_CSSCallback                    0x08001324   Section        0  stm32f0xx_hal_rcc.o(i.HAL_RCC_CSSCallback)
    i.HAL_RCC_ClockConfig                    0x08001328   Section        0  stm32f0xx_hal_rcc.o(i.HAL_RCC_ClockConfig)
    i.HAL_RCC_EnableCSS                      0x080014bc   Section        0  stm32f0xx_hal_rcc.o(i.HAL_RCC_EnableCSS)
    i.HAL_RCC_GetHCLKFreq                    0x080014d0   Section        0  stm32f0xx_hal_rcc.o(i.HAL_RCC_GetHCLKFreq)
    i.HAL_RCC_GetPCLK1Freq                   0x080014dc   Section        0  stm32f0xx_hal_rcc.o(i.HAL_RCC_GetPCLK1Freq)
    i.HAL_RCC_GetSysClockFreq                0x08001500   Section        0  stm32f0xx_hal_rcc.o(i.HAL_RCC_GetSysClockFreq)
    i.HAL_RCC_NMI_IRQHandler                 0x080015c4   Section        0  stm32f0xx_hal_rcc.o(i.HAL_RCC_NMI_IRQHandler)
    i.HAL_RCC_OscConfig                      0x080015e4   Section        0  stm32f0xx_hal_rcc.o(i.HAL_RCC_OscConfig)
    i.HAL_SYSTICK_Config                     0x08001b30   Section        0  stm32f0xx_hal_cortex.o(i.HAL_SYSTICK_Config)
    i.HAL_UARTEx_WakeupCallback              0x08001b68   Section        0  stm32f0xx_hal_uart_ex.o(i.HAL_UARTEx_WakeupCallback)
    i.HAL_UART_ErrorCallback                 0x08001b6a   Section        0  stm32f0xx_hal_uart.o(i.HAL_UART_ErrorCallback)
    i.HAL_UART_IRQHandler                    0x08001b6c   Section        0  stm32f0xx_hal_uart.o(i.HAL_UART_IRQHandler)
    i.HAL_UART_Init                          0x08001d2c   Section        0  stm32f0xx_hal_uart.o(i.HAL_UART_Init)
    i.HAL_UART_MspInit                       0x08001db0   Section        0  stm32f0xx_hal_msp.o(i.HAL_UART_MspInit)
    i.HAL_UART_Receive_IT                    0x08001e40   Section        0  stm32f0xx_hal_uart.o(i.HAL_UART_Receive_IT)
    i.HAL_UART_RxCpltCallback                0x08001f0c   Section        0  main.o(i.HAL_UART_RxCpltCallback)
    i.HAL_UART_Transmit                      0x0800201c   Section        0  stm32f0xx_hal_uart.o(i.HAL_UART_Transmit)
    i.HAL_UART_TxCpltCallback                0x0800210c   Section        0  stm32f0xx_hal_uart.o(i.HAL_UART_TxCpltCallback)
    i.HardFault_Handler                      0x0800210e   Section        0  stm32f0xx_it.o(i.HardFault_Handler)
    i.IIC_Start                              0x08002114   Section        0  oled.o(i.IIC_Start)
    i.IIC_Stop                               0x08002148   Section        0  oled.o(i.IIC_Stop)
    i.IIC_Wait_Ack                           0x08002170   Section        0  oled.o(i.IIC_Wait_Ack)
    i.KEY_Init                               0x08002190   Section        0  key.o(i.KEY_Init)
    i.LED_Init                               0x080021dc   Section        0  led.o(i.LED_Init)
    i.NMI_Handler                            0x08002238   Section        0  stm32f0xx_it.o(i.NMI_Handler)
    i.NVIC_Init                              0x08002240   Section        0  uarst1.o(i.NVIC_Init)
    i.NVIC_SetPriority                       0x08002254   Section        0  stm32f0xx_hal_cortex.o(i.NVIC_SetPriority)
    NVIC_SetPriority                         0x08002255   Thumb Code   110  stm32f0xx_hal_cortex.o(i.NVIC_SetPriority)
    i.OLED_Clear                             0x080022cc   Section        0  oled.o(i.OLED_Clear)
    i.OLED_Clear_H                           0x08002304   Section        0  oled.o(i.OLED_Clear_H)
    i.OLED_GPIO_Init                         0x08002344   Section        0  oled.o(i.OLED_GPIO_Init)
    i.OLED_Init                              0x080023ac   Section        0  oled.o(i.OLED_Init)
    i.OLED_Set_Pos                           0x0800245c   Section        0  oled.o(i.OLED_Set_Pos)
    i.OLED_ShowChar                          0x08002484   Section        0  oled.o(i.OLED_ShowChar)
    i.OLED_ShowNum                           0x0800251c   Section        0  oled.o(i.OLED_ShowNum)
    i.OLED_ShowString                        0x080025ae   Section        0  oled.o(i.OLED_ShowString)
    i.OLED_WR_CMD                            0x080025e6   Section        0  oled.o(i.OLED_WR_CMD)
    i.OLED_WR_DATA                           0x08002612   Section        0  oled.o(i.OLED_WR_DATA)
    i.PendSV_Handler                         0x0800263e   Section        0  stm32f0xx_it.o(i.PendSV_Handler)
    i.SVC_Handler                            0x08002640   Section        0  stm32f0xx_it.o(i.SVC_Handler)
    i.SysTick_Handler                        0x08002642   Section        0  stm32f0xx_it.o(i.SysTick_Handler)
    i.SystemClock_Config                     0x0800264a   Section        0  main.o(i.SystemClock_Config)
    SystemClock_Config                       0x0800264b   Thumb Code   134  main.o(i.SystemClock_Config)
    i.SystemInit                             0x080026d0   Section        0  system_stm32f0xx.o(i.SystemInit)
    i.TSW_Init                               0x08002744   Section        0  tsw_30.o(i.TSW_Init)
    i.UARST1_Init                            0x080027e8   Section        0  uarst1.o(i.UARST1_Init)
    i.UART_AdvFeatureConfig                  0x08002870   Section        0  stm32f0xx_hal_uart.o(i.UART_AdvFeatureConfig)
    i.UART_CheckIdleState                    0x08002960   Section        0  stm32f0xx_hal_uart.o(i.UART_CheckIdleState)
    i.UART_DMAAbortOnError                   0x080029e0   Section        0  stm32f0xx_hal_uart.o(i.UART_DMAAbortOnError)
    UART_DMAAbortOnError                     0x080029e1   Thumb Code    24  stm32f0xx_hal_uart.o(i.UART_DMAAbortOnError)
    i.UART_EndRxTransfer                     0x080029f8   Section        0  stm32f0xx_hal_uart.o(i.UART_EndRxTransfer)
    UART_EndRxTransfer                       0x080029f9   Thumb Code    34  stm32f0xx_hal_uart.o(i.UART_EndRxTransfer)
    i.UART_EndTransmit_IT                    0x08002a1a   Section        0  stm32f0xx_hal_uart.o(i.UART_EndTransmit_IT)
    i.UART_Receive_IT                        0x08002a3a   Section        0  stm32f0xx_hal_uart.o(i.UART_Receive_IT)
    i.UART_SetConfig                         0x08002ac8   Section        0  stm32f0xx_hal_uart.o(i.UART_SetConfig)
    i.UART_Transmit_IT                       0x08002c8c   Section        0  stm32f0xx_hal_uart.o(i.UART_Transmit_IT)
    i.UART_WaitOnFlagUntilTimeout            0x08002cfe   Section        0  stm32f0xx_hal_uart.o(i.UART_WaitOnFlagUntilTimeout)
    i.USART1_IRQHandler                      0x08002d70   Section        0  stm32f0xx_it.o(i.USART1_IRQHandler)
    i.Write_IIC_Byte                         0x08002d80   Section        0  oled.o(i.Write_IIC_Byte)
    i.__0printf$1                            0x08002de0   Section        0  printf1.o(i.__0printf$1)
    i.__ARM_clz                              0x08002e00   Section        0  depilogue.o(i.__ARM_clz)
    i.__scatterload_copy                     0x08002e2e   Section       14  handlers.o(i.__scatterload_copy)
    i.__scatterload_null                     0x08002e3c   Section        2  handlers.o(i.__scatterload_null)
    i.__scatterload_zeroinit                 0x08002e3e   Section       14  handlers.o(i.__scatterload_zeroinit)
    i._printf_core                           0x08002e4c   Section        0  printf1.o(i._printf_core)
    _printf_core                             0x08002e4d   Thumb Code   332  printf1.o(i._printf_core)
    i.delay_us                               0x08002f9c   Section        0  ds18b20.o(i.delay_us)
    i.fputc                                  0x08002fd4   Section        0  uarst1.o(i.fputc)
    i.fun1                                   0x08002ff0   Section        0  function.o(i.fun1)
    i.fun1_1                                 0x080030cc   Section        0  function.o(i.fun1_1)
    i.fun1_1_0                               0x080030ce   Section        0  function.o(i.fun1_1_0)
    i.fun1_2                                 0x080030d0   Section        0  function.o(i.fun1_2)
    i.fun1_2_0                               0x080030d2   Section        0  function.o(i.fun1_2_0)
    i.fun1_3                                 0x080030d4   Section        0  function.o(i.fun1_3)
    i.fun2                                   0x080030d6   Section        0  function.o(i.fun2)
    i.fun2_1                                 0x080030d8   Section        0  function.o(i.fun2_1)
    i.fun3                                   0x080030da   Section        0  function.o(i.fun3)
    i.fun3_1                                 0x080030dc   Section        0  function.o(i.fun3_1)
    i.main                                   0x080030e0   Section        0  main.o(i.main)
    i.oled_pow                               0x080032a0   Section        0  oled.o(i.oled_pow)
    i.prvResetNextTaskUnblockTime            0x080032bc   Section        0  tasks.o(i.prvResetNextTaskUnblockTime)
    prvResetNextTaskUnblockTime              0x080032bd   Thumb Code    44  tasks.o(i.prvResetNextTaskUnblockTime)
    i.vPortSVCHandler                        0x080032f0   Section        0  port.o(i.vPortSVCHandler)
    i.vTaskSwitchContext                     0x080032f4   Section        0  tasks.o(i.vTaskSwitchContext)
    i.xPortSysTickHandler                    0x0800336c   Section        0  port.o(i.xPortSysTickHandler)
    i.xTaskIncrementTick                     0x08003390   Section        0  tasks.o(i.xTaskIncrementTick)
    .constdata                               0x08003520   Section       24  system_stm32f0xx.o(.constdata)
    .constdata                               0x08003538   Section     2072  oled.o(.constdata)
    .data                                    0x20000000   Section      252  main.o(.data)
    .data                                    0x200000fc   Section        4  stm32f0xx_hal.o(.data)
    .data                                    0x20000100   Section        4  system_stm32f0xx.o(.data)
    .data                                    0x20000104   Section       28  uarst1.o(.data)
    .data                                    0x20000120   Section      272  function.o(.data)
    .data                                    0x20000230   Section       64  tasks.o(.data)
    pxDelayedTaskList                        0x20000234   Data           4  tasks.o(.data)
    pxOverflowDelayedTaskList                0x20000238   Data           4  tasks.o(.data)
    uxDeletedTasksWaitingCleanUp             0x2000023c   Data           4  tasks.o(.data)
    uxCurrentNumberOfTasks                   0x20000240   Data           4  tasks.o(.data)
    xTickCount                               0x20000244   Data           4  tasks.o(.data)
    uxTopReadyPriority                       0x20000248   Data           4  tasks.o(.data)
    xSchedulerRunning                        0x2000024c   Data           4  tasks.o(.data)
    xPendedTicks                             0x20000250   Data           4  tasks.o(.data)
    xYieldPending                            0x20000254   Data           4  tasks.o(.data)
    xNumOfOverflows                          0x20000258   Data           4  tasks.o(.data)
    uxTaskNumber                             0x2000025c   Data           4  tasks.o(.data)
    xNextTaskUnblockTime                     0x20000260   Data           4  tasks.o(.data)
    xIdleTaskHandle                          0x20000264   Data           4  tasks.o(.data)
    uxSchedulerSuspended                     0x2000026c   Data           4  tasks.o(.data)
    .bss                                     0x20000270   Section      112  uarst1.o(.bss)
    .bss                                     0x200002e0   Section       76  tsw_30.o(.bss)
    .bss                                     0x2000032c   Section      740  tasks.o(.bss)
    pxReadyTasksLists                        0x2000032c   Data         640  tasks.o(.bss)
    xDelayedTaskList1                        0x200005ac   Data          20  tasks.o(.bss)
    xDelayedTaskList2                        0x200005c0   Data          20  tasks.o(.bss)
    xPendingReadyList                        0x200005d4   Data          20  tasks.o(.bss)
    xTasksWaitingTermination                 0x200005e8   Data          20  tasks.o(.bss)
    xSuspendedTaskList                       0x200005fc   Data          20  tasks.o(.bss)
    STACK                                    0x20000610   Section     1024  startup_stm32f031x6.o(STACK)

    Global Symbols

    Symbol Name                              Value     Ov Type        Size  Object(Section)

    BuildAttributes$$THM_ISAv3M$S$PE$A:L22$X:L11$S22$IEEE1$IW$USESV6$~STKCKD$USESV7$~SHL$OTIME$ROPI$EBA8$MICROLIB$REQ8$PRES8$EABIv2 0x00000000   Number         0  anon$$obj.o ABSOLUTE
    __ARM_use_no_argv                        0x00000000   Number         0  main.o ABSOLUTE
    _printf_a                                0x00000000   Number         0  stubs.o ABSOLUTE
    _printf_c                                0x00000000   Number         0  stubs.o ABSOLUTE
    _printf_charcount                        0x00000000   Number         0  stubs.o ABSOLUTE
    _printf_d                                0x00000000   Number         0  stubs.o ABSOLUTE
    _printf_e                                0x00000000   Number         0  stubs.o ABSOLUTE
    _printf_f                                0x00000000   Number         0  stubs.o ABSOLUTE
    _printf_flags                            0x00000000   Number         0  stubs.o ABSOLUTE
    _printf_fp_dec                           0x00000000   Number         0  stubs.o ABSOLUTE
    _printf_fp_hex                           0x00000000   Number         0  stubs.o ABSOLUTE
    _printf_g                                0x00000000   Number         0  stubs.o ABSOLUTE
    _printf_i                                0x00000000   Number         0  stubs.o ABSOLUTE
    _printf_int_dec                          0x00000000   Number         0  stubs.o ABSOLUTE
    _printf_l                                0x00000000   Number         0  stubs.o ABSOLUTE
    _printf_lc                               0x00000000   Number         0  stubs.o ABSOLUTE
    _printf_ll                               0x00000000   Number         0  stubs.o ABSOLUTE
    _printf_lld                              0x00000000   Number         0  stubs.o ABSOLUTE
    _printf_lli                              0x00000000   Number         0  stubs.o ABSOLUTE
    _printf_llo                              0x00000000   Number         0  stubs.o ABSOLUTE
    _printf_llu                              0x00000000   Number         0  stubs.o ABSOLUTE
    _printf_llx                              0x00000000   Number         0  stubs.o ABSOLUTE
    _printf_longlong_dec                     0x00000000   Number         0  stubs.o ABSOLUTE
    _printf_longlong_hex                     0x00000000   Number         0  stubs.o ABSOLUTE
    _printf_longlong_oct                     0x00000000   Number         0  stubs.o ABSOLUTE
    _printf_ls                               0x00000000   Number         0  stubs.o ABSOLUTE
    _printf_mbtowc                           0x00000000   Number         0  stubs.o ABSOLUTE
    _printf_n                                0x00000000   Number         0  stubs.o ABSOLUTE
    _printf_o                                0x00000000   Number         0  stubs.o ABSOLUTE
    _printf_p                                0x00000000   Number         0  stubs.o ABSOLUTE
    _printf_percent                          0x00000000   Number         0  stubs.o ABSOLUTE
    _printf_pre_padding                      0x00000000   Number         0  stubs.o ABSOLUTE
    _printf_return_value                     0x00000000   Number         0  stubs.o ABSOLUTE
    _printf_s                                0x00000000   Number         0  stubs.o ABSOLUTE
    _printf_sizespec                         0x00000000   Number         0  stubs.o ABSOLUTE
    _printf_str                              0x00000000   Number         0  stubs.o ABSOLUTE
    _printf_truncate_signed                  0x00000000   Number         0  stubs.o ABSOLUTE
    _printf_truncate_unsigned                0x00000000   Number         0  stubs.o ABSOLUTE
    _printf_u                                0x00000000   Number         0  stubs.o ABSOLUTE
    _printf_wc                               0x00000000   Number         0  stubs.o ABSOLUTE
    _printf_wctomb                           0x00000000   Number         0  stubs.o ABSOLUTE
    _printf_widthprec                        0x00000000   Number         0  stubs.o ABSOLUTE
    _printf_x                                0x00000000   Number         0  stubs.o ABSOLUTE
    __cpp_initialize__aeabi_                  - Undefined Weak Reference
    __cxa_finalize                            - Undefined Weak Reference
    _clock_init                               - Undefined Weak Reference
    _microlib_exit                            - Undefined Weak Reference
    __Vectors_Size                           0x000000b0   Number         0  startup_stm32f031x6.o ABSOLUTE
    __Vectors                                0x08000000   Data           4  startup_stm32f031x6.o(RESET)
    __Vectors_End                            0x080000b0   Data           0  startup_stm32f031x6.o(RESET)
    __main                                   0x080000b1   Thumb Code     0  entry.o(.ARM.Collect$$$$00000000)
    _main_stk                                0x080000b1   Thumb Code     0  entry2.o(.ARM.Collect$$$$00000001)
    _main_scatterload                        0x080000b5   Thumb Code     0  entry5.o(.ARM.Collect$$$$00000004)
    __main_after_scatterload                 0x080000b9   Thumb Code     0  entry5.o(.ARM.Collect$$$$00000004)
    _main_clock                              0x080000b9   Thumb Code     0  entry7b.o(.ARM.Collect$$$$00000008)
    _main_cpp_init                           0x080000b9   Thumb Code     0  entry8b.o(.ARM.Collect$$$$0000000A)
    _main_init                               0x080000b9   Thumb Code     0  entry9a.o(.ARM.Collect$$$$0000000B)
    __rt_final_cpp                           0x080000c1   Thumb Code     0  entry10a.o(.ARM.Collect$$$$0000000D)
    __rt_final_exit                          0x080000c1   Thumb Code     0  entry11a.o(.ARM.Collect$$$$0000000F)
    __asm___6_port_c_39a90d8d__prvPortStartFirstTask 0x080000c5   Thumb Code    36  port.o(.emb_text)
    ulSetInterruptMaskFromISR                0x080000ed   Thumb Code     8  port.o(.emb_text)
    vClearInterruptMaskFromISR               0x080000f5   Thumb Code     6  port.o(.emb_text)
    xPortPendSVHandler                       0x080000fb   Thumb Code    62  port.o(.emb_text)
    Reset_Handler                            0x0800013d   Thumb Code     8  startup_stm32f031x6.o(.text)
    ADC1_IRQHandler                          0x0800014f   Thumb Code     0  startup_stm32f031x6.o(.text)
    DMA1_Channel1_IRQHandler                 0x0800014f   Thumb Code     0  startup_stm32f031x6.o(.text)
    DMA1_Channel2_3_IRQHandler               0x0800014f   Thumb Code     0  startup_stm32f031x6.o(.text)
    DMA1_Channel4_5_IRQHandler               0x0800014f   Thumb Code     0  startup_stm32f031x6.o(.text)
    EXTI0_1_IRQHandler                       0x0800014f   Thumb Code     0  startup_stm32f031x6.o(.text)
    EXTI2_3_IRQHandler                       0x0800014f   Thumb Code     0  startup_stm32f031x6.o(.text)
    EXTI4_15_IRQHandler                      0x0800014f   Thumb Code     0  startup_stm32f031x6.o(.text)
    FLASH_IRQHandler                         0x0800014f   Thumb Code     0  startup_stm32f031x6.o(.text)
    I2C1_IRQHandler                          0x0800014f   Thumb Code     0  startup_stm32f031x6.o(.text)
    PVD_IRQHandler                           0x0800014f   Thumb Code     0  startup_stm32f031x6.o(.text)
    RCC_IRQHandler                           0x0800014f   Thumb Code     0  startup_stm32f031x6.o(.text)
    RTC_IRQHandler                           0x0800014f   Thumb Code     0  startup_stm32f031x6.o(.text)
    SPI1_IRQHandler                          0x0800014f   Thumb Code     0  startup_stm32f031x6.o(.text)
    TIM14_IRQHandler                         0x0800014f   Thumb Code     0  startup_stm32f031x6.o(.text)
    TIM16_IRQHandler                         0x0800014f   Thumb Code     0  startup_stm32f031x6.o(.text)
    TIM17_IRQHandler                         0x0800014f   Thumb Code     0  startup_stm32f031x6.o(.text)
    TIM1_BRK_UP_TRG_COM_IRQHandler           0x0800014f   Thumb Code     0  startup_stm32f031x6.o(.text)
    TIM1_CC_IRQHandler                       0x0800014f   Thumb Code     0  startup_stm32f031x6.o(.text)
    TIM2_IRQHandler                          0x0800014f   Thumb Code     0  startup_stm32f031x6.o(.text)
    TIM3_IRQHandler                          0x0800014f   Thumb Code     0  startup_stm32f031x6.o(.text)
    WWDG_IRQHandler                          0x0800014f   Thumb Code     0  startup_stm32f031x6.o(.text)
    __aeabi_uidiv                            0x08000159   Thumb Code     0  uidiv.o(.text)
    __aeabi_uidivmod                         0x08000159   Thumb Code    44  uidiv.o(.text)
    __aeabi_idiv                             0x08000185   Thumb Code     0  idiv.o(.text)
    __aeabi_idivmod                          0x08000185   Thumb Code    40  idiv.o(.text)
    __aeabi_llsr                             0x080001ad   Thumb Code    34  llushr.o(.text)
    _ll_ushift_r                             0x080001ad   Thumb Code     0  llushr.o(.text)
    __aeabi_memset                           0x080001cf   Thumb Code    14  memseta.o(.text)
    __aeabi_memset4                          0x080001cf   Thumb Code     0  memseta.o(.text)
    __aeabi_memset8                          0x080001cf   Thumb Code     0  memseta.o(.text)
    __aeabi_memclr                           0x080001dd   Thumb Code     4  memseta.o(.text)
    __aeabi_memclr4                          0x080001dd   Thumb Code     0  memseta.o(.text)
    __aeabi_memclr8                          0x080001dd   Thumb Code     0  memseta.o(.text)
    _memset$wrapper                          0x080001e1   Thumb Code    18  memseta.o(.text)
    __aeabi_dmul                             0x080001f5   Thumb Code   202  dmul.o(.text)
    __aeabi_i2d                              0x080002c5   Thumb Code    34  dflti.o(.text)
    __aeabi_d2iz                             0x080002ed   Thumb Code    62  dfixi.o(.text)
    __I$use$fp                               0x08000335   Thumb Code     0  iusefp.o(.text)
    _double_round                            0x08000335   Thumb Code    26  depilogue.o(.text)
    _double_epilogue                         0x0800034f   Thumb Code   164  depilogue.o(.text)
    __scatterload                            0x080003f5   Thumb Code    28  init.o(.text)
    __scatterload_rt2                        0x080003f5   Thumb Code     0  init.o(.text)
    __aeabi_llsl                             0x08000419   Thumb Code    32  llshl.o(.text)
    _ll_shift_l                              0x08000419   Thumb Code     0  llshl.o(.text)
    __decompress                             0x08000439   Thumb Code     0  __dczerorl2.o(.text)
    __decompress1                            0x08000439   Thumb Code    86  __dczerorl2.o(.text)
    BEEP_Init                                0x08000565   Thumb Code    86  beep.o(i.BEEP_Init)
    DS18B20_Check                            0x080005c1   Thumb Code   108  ds18b20.o(i.DS18B20_Check)
    DS18B20_Get_Temp                         0x0800062d   Thumb Code   112  ds18b20.o(i.DS18B20_Get_Temp)
    DS18B20_Init                             0x080006a1   Thumb Code    74  ds18b20.o(i.DS18B20_Init)
    DS18B20_Read_Bit                         0x080006f1   Thumb Code   120  ds18b20.o(i.DS18B20_Read_Bit)
    DS18B20_Read_Byte                        0x08000769   Thumb Code    34  ds18b20.o(i.DS18B20_Read_Byte)
    DS18B20_Rst                              0x0800078d   Thumb Code    70  ds18b20.o(i.DS18B20_Rst)
    DS18B20_Start                            0x080007d9   Thumb Code    24  ds18b20.o(i.DS18B20_Start)
    DS18B20_Write_Byte                       0x080007f1   Thumb Code   132  ds18b20.o(i.DS18B20_Write_Byte)
    Error_Handler                            0x08000875   Thumb Code     6  main.o(i.Error_Handler)
    HAL_ADC_AnalogWDGConfig                  0x0800087d   Thumb Code   204  stm32f0xx_hal_adc.o(i.HAL_ADC_AnalogWDGConfig)
    HAL_ADC_ConfigChannel                    0x08000951   Thumb Code   412  stm32f0xx_hal_adc.o(i.HAL_ADC_ConfigChannel)
    HAL_ADC_GetValue                         0x08000afd   Thumb Code     8  stm32f0xx_hal_adc.o(i.HAL_ADC_GetValue)
    HAL_ADC_Init                             0x08000b05   Thumb Code   440  stm32f0xx_hal_adc.o(i.HAL_ADC_Init)
    HAL_ADC_MspInit                          0x08000cc5   Thumb Code   122  stm32f0xx_hal_msp.o(i.HAL_ADC_MspInit)
    HAL_ADC_PollForConversion                0x08000d49   Thumb Code   228  stm32f0xx_hal_adc.o(i.HAL_ADC_PollForConversion)
    HAL_ADC_Start                            0x08000e2d   Thumb Code   114  stm32f0xx_hal_adc.o(i.HAL_ADC_Start)
    HAL_DMA_Abort_IT                         0x08000ea5   Thumb Code    88  stm32f0xx_hal_dma.o(i.HAL_DMA_Abort_IT)
    HAL_GPIO_Init                            0x08000efd   Thumb Code   460  stm32f0xx_hal_gpio.o(i.HAL_GPIO_Init)
    HAL_GPIO_ReadPin                         0x080010dd   Thumb Code    18  stm32f0xx_hal_gpio.o(i.HAL_GPIO_ReadPin)
    HAL_GPIO_TogglePin                       0x080010ef   Thumb Code     8  stm32f0xx_hal_gpio.o(i.HAL_GPIO_TogglePin)
    HAL_GPIO_WritePin                        0x080010f7   Thumb Code    12  stm32f0xx_hal_gpio.o(i.HAL_GPIO_WritePin)
    HAL_GetTick                              0x08001105   Thumb Code     6  stm32f0xx_hal.o(i.HAL_GetTick)
    HAL_IncTick                              0x08001111   Thumb Code    12  stm32f0xx_hal.o(i.HAL_IncTick)
    HAL_Init                                 0x08001121   Thumb Code    28  stm32f0xx_hal.o(i.HAL_Init)
    HAL_InitTick                             0x08001141   Thumb Code    38  stm32f0xx_hal.o(i.HAL_InitTick)
    HAL_MspInit                              0x08001169   Thumb Code    60  stm32f0xx_hal_msp.o(i.HAL_MspInit)
    HAL_NVIC_EnableIRQ                       0x080011a9   Thumb Code    18  stm32f0xx_hal_cortex.o(i.HAL_NVIC_EnableIRQ)
    HAL_NVIC_SetPriority                     0x080011c1   Thumb Code    18  stm32f0xx_hal_cortex.o(i.HAL_NVIC_SetPriority)
    HAL_RCCEx_PeriphCLKConfig                0x080011d5   Thumb Code   322  stm32f0xx_hal_rcc_ex.o(i.HAL_RCCEx_PeriphCLKConfig)
    HAL_RCC_CSSCallback                      0x08001325   Thumb Code     2  stm32f0xx_hal_rcc.o(i.HAL_RCC_CSSCallback)
    HAL_RCC_ClockConfig                      0x08001329   Thumb Code   382  stm32f0xx_hal_rcc.o(i.HAL_RCC_ClockConfig)
    HAL_RCC_EnableCSS                        0x080014bd   Thumb Code    16  stm32f0xx_hal_rcc.o(i.HAL_RCC_EnableCSS)
    HAL_RCC_GetHCLKFreq                      0x080014d1   Thumb Code     6  stm32f0xx_hal_rcc.o(i.HAL_RCC_GetHCLKFreq)
    HAL_RCC_GetPCLK1Freq                     0x080014dd   Thumb Code    26  stm32f0xx_hal_rcc.o(i.HAL_RCC_GetPCLK1Freq)
    HAL_RCC_GetSysClockFreq                  0x08001501   Thumb Code   150  stm32f0xx_hal_rcc.o(i.HAL_RCC_GetSysClockFreq)
    HAL_RCC_NMI_IRQHandler                   0x080015c5   Thumb Code    26  stm32f0xx_hal_rcc.o(i.HAL_RCC_NMI_IRQHandler)
    HAL_RCC_OscConfig                        0x080015e5   Thumb Code  1352  stm32f0xx_hal_rcc.o(i.HAL_RCC_OscConfig)
    HAL_SYSTICK_Config                       0x08001b31   Thumb Code    46  stm32f0xx_hal_cortex.o(i.HAL_SYSTICK_Config)
    HAL_UARTEx_WakeupCallback                0x08001b69   Thumb Code     2  stm32f0xx_hal_uart_ex.o(i.HAL_UARTEx_WakeupCallback)
    HAL_UART_ErrorCallback                   0x08001b6b   Thumb Code     2  stm32f0xx_hal_uart.o(i.HAL_UART_ErrorCallback)
    HAL_UART_IRQHandler                      0x08001b6d   Thumb Code   444  stm32f0xx_hal_uart.o(i.HAL_UART_IRQHandler)
    HAL_UART_Init                            0x08001d2d   Thumb Code   130  stm32f0xx_hal_uart.o(i.HAL_UART_Init)
    HAL_UART_MspInit                         0x08001db1   Thumb Code   136  stm32f0xx_hal_msp.o(i.HAL_UART_MspInit)
    HAL_UART_Receive_IT                      0x08001e41   Thumb Code   198  stm32f0xx_hal_uart.o(i.HAL_UART_Receive_IT)
    HAL_UART_RxCpltCallback                  0x08001f0d   Thumb Code   204  main.o(i.HAL_UART_RxCpltCallback)
    HAL_UART_Transmit                        0x0800201d   Thumb Code   240  stm32f0xx_hal_uart.o(i.HAL_UART_Transmit)
    HAL_UART_TxCpltCallback                  0x0800210d   Thumb Code     2  stm32f0xx_hal_uart.o(i.HAL_UART_TxCpltCallback)
    HardFault_Handler                        0x0800210f   Thumb Code     4  stm32f0xx_it.o(i.HardFault_Handler)
    IIC_Start                                0x08002115   Thumb Code    48  oled.o(i.IIC_Start)
    IIC_Stop                                 0x08002149   Thumb Code    36  oled.o(i.IIC_Stop)
    IIC_Wait_Ack                             0x08002171   Thumb Code    26  oled.o(i.IIC_Wait_Ack)
    KEY_Init                                 0x08002191   Thumb Code    70  key.o(i.KEY_Init)
    LED_Init                                 0x080021dd   Thumb Code    82  led.o(i.LED_Init)
    NMI_Handler                              0x08002239   Thumb Code     8  stm32f0xx_it.o(i.NMI_Handler)
    NVIC_Init                                0x08002241   Thumb Code    20  uarst1.o(i.NVIC_Init)
    OLED_Clear                               0x080022cd   Thumb Code    56  oled.o(i.OLED_Clear)
    OLED_Clear_H                             0x08002305   Thumb Code    64  oled.o(i.OLED_Clear_H)
    OLED_GPIO_Init                           0x08002345   Thumb Code    94  oled.o(i.OLED_GPIO_Init)
    OLED_Init                                0x080023ad   Thumb Code   176  oled.o(i.OLED_Init)
    OLED_Set_Pos                             0x0800245d   Thumb Code    40  oled.o(i.OLED_Set_Pos)
    OLED_ShowChar                            0x08002485   Thumb Code   142  oled.o(i.OLED_ShowChar)
    OLED_ShowNum                             0x0800251d   Thumb Code   146  oled.o(i.OLED_ShowNum)
    OLED_ShowString                          0x080025af   Thumb Code    56  oled.o(i.OLED_ShowString)
    OLED_WR_CMD                              0x080025e7   Thumb Code    44  oled.o(i.OLED_WR_CMD)
    OLED_WR_DATA                             0x08002613   Thumb Code    44  oled.o(i.OLED_WR_DATA)
    PendSV_Handler                           0x0800263f   Thumb Code     2  stm32f0xx_it.o(i.PendSV_Handler)
    SVC_Handler                              0x08002641   Thumb Code     2  stm32f0xx_it.o(i.SVC_Handler)
    SysTick_Handler                          0x08002643   Thumb Code     8  stm32f0xx_it.o(i.SysTick_Handler)
    SystemInit                               0x080026d1   Thumb Code   104  system_stm32f0xx.o(i.SystemInit)
    TSW_Init                                 0x08002745   Thumb Code   154  tsw_30.o(i.TSW_Init)
    UARST1_Init                              0x080027e9   Thumb Code   122  uarst1.o(i.UARST1_Init)
    UART_AdvFeatureConfig                    0x08002871   Thumb Code   240  stm32f0xx_hal_uart.o(i.UART_AdvFeatureConfig)
    UART_CheckIdleState                      0x08002961   Thumb Code   120  stm32f0xx_hal_uart.o(i.UART_CheckIdleState)
    UART_EndTransmit_IT                      0x08002a1b   Thumb Code    32  stm32f0xx_hal_uart.o(i.UART_EndTransmit_IT)
    UART_Receive_IT                          0x08002a3b   Thumb Code   142  stm32f0xx_hal_uart.o(i.UART_Receive_IT)
    UART_SetConfig                           0x08002ac9   Thumb Code   432  stm32f0xx_hal_uart.o(i.UART_SetConfig)
    UART_Transmit_IT                         0x08002c8d   Thumb Code   114  stm32f0xx_hal_uart.o(i.UART_Transmit_IT)
    UART_WaitOnFlagUntilTimeout              0x08002cff   Thumb Code   112  stm32f0xx_hal_uart.o(i.UART_WaitOnFlagUntilTimeout)
    USART1_IRQHandler                        0x08002d71   Thumb Code    10  stm32f0xx_it.o(i.USART1_IRQHandler)
    Write_IIC_Byte                           0x08002d81   Thumb Code    92  oled.o(i.Write_IIC_Byte)
    __0printf$1                              0x08002de1   Thumb Code    24  printf1.o(i.__0printf$1)
    __1printf$1                              0x08002de1   Thumb Code     0  printf1.o(i.__0printf$1)
    __2printf                                0x08002de1   Thumb Code     0  printf1.o(i.__0printf$1)
    __ARM_clz                                0x08002e01   Thumb Code    46  depilogue.o(i.__ARM_clz)
    __scatterload_copy                       0x08002e2f   Thumb Code    14  handlers.o(i.__scatterload_copy)
    __scatterload_null                       0x08002e3d   Thumb Code     2  handlers.o(i.__scatterload_null)
    __scatterload_zeroinit                   0x08002e3f   Thumb Code    14  handlers.o(i.__scatterload_zeroinit)
    delay_us                                 0x08002f9d   Thumb Code    52  ds18b20.o(i.delay_us)
    fputc                                    0x08002fd5   Thumb Code    20  uarst1.o(i.fputc)
    fun1                                     0x08002ff1   Thumb Code   168  function.o(i.fun1)
    fun1_1                                   0x080030cd   Thumb Code     2  function.o(i.fun1_1)
    fun1_1_0                                 0x080030cf   Thumb Code     2  function.o(i.fun1_1_0)
    fun1_2                                   0x080030d1   Thumb Code     2  function.o(i.fun1_2)
    fun1_2_0                                 0x080030d3   Thumb Code     2  function.o(i.fun1_2_0)
    fun1_3                                   0x080030d5   Thumb Code     2  function.o(i.fun1_3)
    fun2                                     0x080030d7   Thumb Code     2  function.o(i.fun2)
    fun2_1                                   0x080030d9   Thumb Code     2  function.o(i.fun2_1)
    fun3                                     0x080030db   Thumb Code     2  function.o(i.fun3)
    fun3_1                                   0x080030dd   Thumb Code     2  function.o(i.fun3_1)
    main                                     0x080030e1   Thumb Code   382  main.o(i.main)
    oled_pow                                 0x080032a1   Thumb Code    26  oled.o(i.oled_pow)
    vPortSVCHandler                          0x080032f1   Thumb Code     2  port.o(i.vPortSVCHandler)
    vTaskSwitchContext                       0x080032f5   Thumb Code    98  tasks.o(i.vTaskSwitchContext)
    xPortSysTickHandler                      0x0800336d   Thumb Code    32  port.o(i.xPortSysTickHandler)
    xTaskIncrementTick                       0x08003391   Thumb Code   354  tasks.o(i.xTaskIncrementTick)
    AHBPrescTable                            0x08003520   Data          16  system_stm32f0xx.o(.constdata)
    APBPrescTable                            0x08003530   Data           8  system_stm32f0xx.o(.constdata)
    F6x8                                     0x08003538   Data         552  oled.o(.constdata)
    F8x16                                    0x08003760   Data        1520  oled.o(.constdata)
    Region$$Table$$Base                      0x08003d50   Number         0  anon$$obj.o(Region$$Table)
    Region$$Table$$Limit                     0x08003d70   Number         0  anon$$obj.o(Region$$Table)
    check_ds18b20                            0x20000000   Data           1  main.o(.data)
    LED_FLAG                                 0x20000001   Data           1  main.o(.data)
    BEEP_FLAG                                0x20000002   Data           1  main.o(.data)
    Uart1_Rx_Cnt                             0x20000003   Data           1  main.o(.data)
    func_index                               0x20000004   Data           1  main.o(.data)
    current_operation_index                  0x20000008   Data           4  main.o(.data)
    table                                    0x2000000c   Data         240  main.o(.data)
    uwTick                                   0x200000fc   Data           4  stm32f0xx_hal.o(.data)
    SystemCoreClock                          0x20000100   Data           4  system_stm32f0xx.o(.data)
    aRxBuffer                                0x20000104   Data           1  uarst1.o(.data)
    cAlmStr                                  0x20000105   Data          20  uarst1.o(.data)
    __stdout                                 0x2000011c   Data           4  uarst1.o(.data)
    Uart1_RxBuff                             0x20000120   Data         256  function.o(.data)
    temp_T                                   0x20000220   Data           2  function.o(.data)
    T                                        0x20000224   Data           4  function.o(.data)
    i                                        0x20000228   Data           4  function.o(.data)
    rcData                                   0x2000022c   Data           1  function.o(.data)
    ADC_Value                                0x2000022e   Data           2  function.o(.data)
    pxCurrentTCB                             0x20000230   Data           4  tasks.o(.data)
    uxTopUsedPriority                        0x20000268   Data           4  tasks.o(.data)
    huart1                                   0x20000270   Data         112  uarst1.o(.bss)
    hadc                                     0x200002e0   Data          76  tsw_30.o(.bss)
    __initial_sp                             0x20000a10   Data           0  startup_stm32f031x6.o(STACK)



==============================================================================

Memory Map of the image

  Image Entry point : 0x080000b1

  Load Region LR_IROM1 (Base: 0x08000000, Size: 0x00003fe0, Max: 0x00020000, ABSOLUTE, COMPRESSED[0x00003de8])

    Execution Region ER_IROM1 (Exec base: 0x08000000, Load base: 0x08000000, Size: 0x00003d70, Max: 0x00020000, ABSOLUTE)

    Exec Addr    Load Addr    Size         Type   Attr      Idx    E Section Name        Object

    0x08000000   0x08000000   0x000000b0   Data   RO            3    RESET               startup_stm32f031x6.o
    0x080000b0   0x080000b0   0x00000000   Code   RO         4076  * .ARM.Collect$$$$00000000  mc_p.l(entry.o)
    0x080000b0   0x080000b0   0x00000004   Code   RO         4368    .ARM.Collect$$$$00000001  mc_p.l(entry2.o)
    0x080000b4   0x080000b4   0x00000004   Code   RO         4371    .ARM.Collect$$$$00000004  mc_p.l(entry5.o)
    0x080000b8   0x080000b8   0x00000000   Code   RO         4373    .ARM.Collect$$$$00000008  mc_p.l(entry7b.o)
    0x080000b8   0x080000b8   0x00000000   Code   RO         4375    .ARM.Collect$$$$0000000A  mc_p.l(entry8b.o)
    0x080000b8   0x080000b8   0x00000008   Code   RO         4376    .ARM.Collect$$$$0000000B  mc_p.l(entry9a.o)
    0x080000c0   0x080000c0   0x00000000   Code   RO         4378    .ARM.Collect$$$$0000000D  mc_p.l(entry10a.o)
    0x080000c0   0x080000c0   0x00000000   Code   RO         4380    .ARM.Collect$$$$0000000F  mc_p.l(entry11a.o)
    0x080000c0   0x080000c0   0x00000004   Code   RO         4369    .ARM.Collect$$$$00002712  mc_p.l(entry2.o)
    0x080000c4   0x080000c4   0x00000078   Code   RO         3944    .emb_text           port.o
    0x0800013c   0x0800013c   0x0000001c   Code   RO            4    .text               startup_stm32f031x6.o
    0x08000158   0x08000158   0x0000002c   Code   RO         4079    .text               mc_p.l(uidiv.o)
    0x08000184   0x08000184   0x00000028   Code   RO         4081    .text               mc_p.l(idiv.o)
    0x080001ac   0x080001ac   0x00000022   Code   RO         4083    .text               mc_p.l(llushr.o)
    0x080001ce   0x080001ce   0x00000024   Code   RO         4087    .text               mc_p.l(memseta.o)
    0x080001f2   0x080001f2   0x00000002   PAD
    0x080001f4   0x080001f4   0x000000d0   Code   RO         4356    .text               mf_p.l(dmul.o)
    0x080002c4   0x080002c4   0x00000028   Code   RO         4362    .text               mf_p.l(dflti.o)
    0x080002ec   0x080002ec   0x00000048   Code   RO         4366    .text               mf_p.l(dfixi.o)
    0x08000334   0x08000334   0x00000000   Code   RO         4384    .text               mc_p.l(iusefp.o)
    0x08000334   0x08000334   0x000000be   Code   RO         4387    .text               mf_p.l(depilogue.o)
    0x080003f2   0x080003f2   0x00000002   PAD
    0x080003f4   0x080003f4   0x00000024   Code   RO         4399    .text               mc_p.l(init.o)
    0x08000418   0x08000418   0x00000020   Code   RO         4401    .text               mc_p.l(llshl.o)
    0x08000438   0x08000438   0x00000056   Code   RO         4413    .text               mc_p.l(__dczerorl2.o)
    0x0800048e   0x0800048e   0x00000002   PAD
    0x08000490   0x08000490   0x000000d4   Code   RO         2333    i.ADC_Enable        stm32f0xx_hal_adc.o
    0x08000564   0x08000564   0x0000005c   Code   RO         2537    i.BEEP_Init         beep.o
    0x080005c0   0x080005c0   0x0000006c   Code   RO         2606    i.DS18B20_Check     ds18b20.o
    0x0800062c   0x0800062c   0x00000074   Code   RO         2607    i.DS18B20_Get_Temp  ds18b20.o
    0x080006a0   0x080006a0   0x00000050   Code   RO         2608    i.DS18B20_Init      ds18b20.o
    0x080006f0   0x080006f0   0x00000078   Code   RO         2609    i.DS18B20_Read_Bit  ds18b20.o
    0x08000768   0x08000768   0x00000022   Code   RO         2610    i.DS18B20_Read_Byte  ds18b20.o
    0x0800078a   0x0800078a   0x00000002   PAD
    0x0800078c   0x0800078c   0x0000004c   Code   RO         2611    i.DS18B20_Rst       ds18b20.o
    0x080007d8   0x080007d8   0x00000018   Code   RO         2612    i.DS18B20_Start     ds18b20.o
    0x080007f0   0x080007f0   0x00000084   Code   RO         2613    i.DS18B20_Write_Byte  ds18b20.o
    0x08000874   0x08000874   0x00000006   Code   RO           12    i.Error_Handler     main.o
    0x0800087a   0x0800087a   0x00000002   PAD
    0x0800087c   0x0800087c   0x000000d4   Code   RO         2334    i.HAL_ADC_AnalogWDGConfig  stm32f0xx_hal_adc.o
    0x08000950   0x08000950   0x000001ac   Code   RO         2335    i.HAL_ADC_ConfigChannel  stm32f0xx_hal_adc.o
    0x08000afc   0x08000afc   0x00000008   Code   RO         2342    i.HAL_ADC_GetValue  stm32f0xx_hal_adc.o
    0x08000b04   0x08000b04   0x000001c0   Code   RO         2344    i.HAL_ADC_Init      stm32f0xx_hal_adc.o
    0x08000cc4   0x08000cc4   0x00000084   Code   RO          244    i.HAL_ADC_MspInit   stm32f0xx_hal_msp.o
    0x08000d48   0x08000d48   0x000000e4   Code   RO         2348    i.HAL_ADC_PollForConversion  stm32f0xx_hal_adc.o
    0x08000e2c   0x08000e2c   0x00000078   Code   RO         2350    i.HAL_ADC_Start     stm32f0xx_hal_adc.o
    0x08000ea4   0x08000ea4   0x00000058   Code   RO          647    i.HAL_DMA_Abort_IT  stm32f0xx_hal_dma.o
    0x08000efc   0x08000efc   0x000001e0   Code   RO          585    i.HAL_GPIO_Init     stm32f0xx_hal_gpio.o
    0x080010dc   0x080010dc   0x00000012   Code   RO          587    i.HAL_GPIO_ReadPin  stm32f0xx_hal_gpio.o
    0x080010ee   0x080010ee   0x00000008   Code   RO          588    i.HAL_GPIO_TogglePin  stm32f0xx_hal_gpio.o
    0x080010f6   0x080010f6   0x0000000c   Code   RO          589    i.HAL_GPIO_WritePin  stm32f0xx_hal_gpio.o
    0x08001102   0x08001102   0x00000002   PAD
    0x08001104   0x08001104   0x0000000c   Code   RO          454    i.HAL_GetTick       stm32f0xx_hal.o
    0x08001110   0x08001110   0x00000010   Code   RO          458    i.HAL_IncTick       stm32f0xx_hal.o
    0x08001120   0x08001120   0x00000020   Code   RO          459    i.HAL_Init          stm32f0xx_hal.o
    0x08001140   0x08001140   0x00000026   Code   RO          460    i.HAL_InitTick      stm32f0xx_hal.o
    0x08001166   0x08001166   0x00000002   PAD
    0x08001168   0x08001168   0x00000040   Code   RO          246    i.HAL_MspInit       stm32f0xx_hal_msp.o
    0x080011a8   0x080011a8   0x00000018   Code   RO          744    i.HAL_NVIC_EnableIRQ  stm32f0xx_hal_cortex.o
    0x080011c0   0x080011c0   0x00000012   Code   RO          748    i.HAL_NVIC_SetPriority  stm32f0xx_hal_cortex.o
    0x080011d2   0x080011d2   0x00000002   PAD
    0x080011d4   0x080011d4   0x00000150   Code   RO          415    i.HAL_RCCEx_PeriphCLKConfig  stm32f0xx_hal_rcc_ex.o
    0x08001324   0x08001324   0x00000002   Code   RO          321    i.HAL_RCC_CSSCallback  stm32f0xx_hal_rcc.o
    0x08001326   0x08001326   0x00000002   PAD
    0x08001328   0x08001328   0x00000194   Code   RO          322    i.HAL_RCC_ClockConfig  stm32f0xx_hal_rcc.o
    0x080014bc   0x080014bc   0x00000014   Code   RO          325    i.HAL_RCC_EnableCSS  stm32f0xx_hal_rcc.o
    0x080014d0   0x080014d0   0x0000000c   Code   RO          327    i.HAL_RCC_GetHCLKFreq  stm32f0xx_hal_rcc.o
    0x080014dc   0x080014dc   0x00000024   Code   RO          329    i.HAL_RCC_GetPCLK1Freq  stm32f0xx_hal_rcc.o
    0x08001500   0x08001500   0x000000c4   Code   RO          330    i.HAL_RCC_GetSysClockFreq  stm32f0xx_hal_rcc.o
    0x080015c4   0x080015c4   0x00000020   Code   RO          332    i.HAL_RCC_NMI_IRQHandler  stm32f0xx_hal_rcc.o
    0x080015e4   0x080015e4   0x0000054c   Code   RO          333    i.HAL_RCC_OscConfig  stm32f0xx_hal_rcc.o
    0x08001b30   0x08001b30   0x00000038   Code   RO          752    i.HAL_SYSTICK_Config  stm32f0xx_hal_cortex.o
    0x08001b68   0x08001b68   0x00000002   Code   RO         1512    i.HAL_UARTEx_WakeupCallback  stm32f0xx_hal_uart_ex.o
    0x08001b6a   0x08001b6a   0x00000002   Code   RO         1187    i.HAL_UART_ErrorCallback  stm32f0xx_hal_uart.o
    0x08001b6c   0x08001b6c   0x000001c0   Code   RO         1190    i.HAL_UART_IRQHandler  stm32f0xx_hal_uart.o
    0x08001d2c   0x08001d2c   0x00000082   Code   RO         1191    i.HAL_UART_Init     stm32f0xx_hal_uart.o
    0x08001dae   0x08001dae   0x00000002   PAD
    0x08001db0   0x08001db0   0x00000090   Code   RO          248    i.HAL_UART_MspInit  stm32f0xx_hal_msp.o
    0x08001e40   0x08001e40   0x000000cc   Code   RO         1196    i.HAL_UART_Receive_IT  stm32f0xx_hal_uart.o
    0x08001f0c   0x08001f0c   0x00000110   Code   RO           13    i.HAL_UART_RxCpltCallback  main.o
    0x0800201c   0x0800201c   0x000000f0   Code   RO         1199    i.HAL_UART_Transmit  stm32f0xx_hal_uart.o
    0x0800210c   0x0800210c   0x00000002   Code   RO         1202    i.HAL_UART_TxCpltCallback  stm32f0xx_hal_uart.o
    0x0800210e   0x0800210e   0x00000004   Code   RO          189    i.HardFault_Handler  stm32f0xx_it.o
    0x08002112   0x08002112   0x00000002   PAD
    0x08002114   0x08002114   0x00000034   Code   RO         2724    i.IIC_Start         oled.o
    0x08002148   0x08002148   0x00000028   Code   RO         2725    i.IIC_Stop          oled.o
    0x08002170   0x08002170   0x00000020   Code   RO         2726    i.IIC_Wait_Ack      oled.o
    0x08002190   0x08002190   0x0000004c   Code   RO         2583    i.KEY_Init          key.o
    0x080021dc   0x080021dc   0x0000005c   Code   RO         2560    i.LED_Init          led.o
    0x08002238   0x08002238   0x00000008   Code   RO          190    i.NMI_Handler       stm32f0xx_it.o
    0x08002240   0x08002240   0x00000014   Code   RO         2680    i.NVIC_Init         uarst1.o
    0x08002254   0x08002254   0x00000078   Code   RO          754    i.NVIC_SetPriority  stm32f0xx_hal_cortex.o
    0x080022cc   0x080022cc   0x00000038   Code   RO         2727    i.OLED_Clear        oled.o
    0x08002304   0x08002304   0x00000040   Code   RO         2728    i.OLED_Clear_H      oled.o
    0x08002344   0x08002344   0x00000068   Code   RO         2732    i.OLED_GPIO_Init    oled.o
    0x080023ac   0x080023ac   0x000000b0   Code   RO         2733    i.OLED_Init         oled.o
    0x0800245c   0x0800245c   0x00000028   Code   RO         2735    i.OLED_Set_Pos      oled.o
    0x08002484   0x08002484   0x00000098   Code   RO         2737    i.OLED_ShowChar     oled.o
    0x0800251c   0x0800251c   0x00000092   Code   RO         2738    i.OLED_ShowNum      oled.o
    0x080025ae   0x080025ae   0x00000038   Code   RO         2739    i.OLED_ShowString   oled.o
    0x080025e6   0x080025e6   0x0000002c   Code   RO         2741    i.OLED_WR_CMD       oled.o
    0x08002612   0x08002612   0x0000002c   Code   RO         2742    i.OLED_WR_DATA      oled.o
    0x0800263e   0x0800263e   0x00000002   Code   RO          191    i.PendSV_Handler    stm32f0xx_it.o
    0x08002640   0x08002640   0x00000002   Code   RO          192    i.SVC_Handler       stm32f0xx_it.o
    0x08002642   0x08002642   0x00000008   Code   RO          193    i.SysTick_Handler   stm32f0xx_it.o
    0x0800264a   0x0800264a   0x00000086   Code   RO           14    i.SystemClock_Config  main.o
    0x080026d0   0x080026d0   0x00000074   Code   RO         2505    i.SystemInit        system_stm32f0xx.o
    0x08002744   0x08002744   0x000000a4   Code   RO         2886    i.TSW_Init          tsw_30.o
    0x080027e8   0x080027e8   0x00000088   Code   RO         2681    i.UARST1_Init       uarst1.o
    0x08002870   0x08002870   0x000000f0   Code   RO         1204    i.UART_AdvFeatureConfig  stm32f0xx_hal_uart.o
    0x08002960   0x08002960   0x00000080   Code   RO         1205    i.UART_CheckIdleState  stm32f0xx_hal_uart.o
    0x080029e0   0x080029e0   0x00000018   Code   RO         1206    i.UART_DMAAbortOnError  stm32f0xx_hal_uart.o
    0x080029f8   0x080029f8   0x00000022   Code   RO         1216    i.UART_EndRxTransfer  stm32f0xx_hal_uart.o
    0x08002a1a   0x08002a1a   0x00000020   Code   RO         1217    i.UART_EndTransmit_IT  stm32f0xx_hal_uart.o
    0x08002a3a   0x08002a3a   0x0000008e   Code   RO         1219    i.UART_Receive_IT   stm32f0xx_hal_uart.o
    0x08002ac8   0x08002ac8   0x000001c4   Code   RO         1220    i.UART_SetConfig    stm32f0xx_hal_uart.o
    0x08002c8c   0x08002c8c   0x00000072   Code   RO         1221    i.UART_Transmit_IT  stm32f0xx_hal_uart.o
    0x08002cfe   0x08002cfe   0x00000070   Code   RO         1222    i.UART_WaitOnFlagUntilTimeout  stm32f0xx_hal_uart.o
    0x08002d6e   0x08002d6e   0x00000002   PAD
    0x08002d70   0x08002d70   0x00000010   Code   RO          194    i.USART1_IRQHandler  stm32f0xx_it.o
    0x08002d80   0x08002d80   0x00000060   Code   RO         2744    i.Write_IIC_Byte    oled.o
    0x08002de0   0x08002de0   0x00000020   Code   RO         4136    i.__0printf$1       mc_p.l(printf1.o)
    0x08002e00   0x08002e00   0x0000002e   Code   RO         4389    i.__ARM_clz         mf_p.l(depilogue.o)
    0x08002e2e   0x08002e2e   0x0000000e   Code   RO         4407    i.__scatterload_copy  mc_p.l(handlers.o)
    0x08002e3c   0x08002e3c   0x00000002   Code   RO         4408    i.__scatterload_null  mc_p.l(handlers.o)
    0x08002e3e   0x08002e3e   0x0000000e   Code   RO         4409    i.__scatterload_zeroinit  mc_p.l(handlers.o)
    0x08002e4c   0x08002e4c   0x00000150   Code   RO         4143    i._printf_core      mc_p.l(printf1.o)
    0x08002f9c   0x08002f9c   0x00000038   Code   RO         2614    i.delay_us          ds18b20.o
    0x08002fd4   0x08002fd4   0x0000001c   Code   RO         2682    i.fputc             uarst1.o
    0x08002ff0   0x08002ff0   0x000000dc   Code   RO         2912    i.fun1              function.o
    0x080030cc   0x080030cc   0x00000002   Code   RO         2913    i.fun1_1            function.o
    0x080030ce   0x080030ce   0x00000002   Code   RO         2914    i.fun1_1_0          function.o
    0x080030d0   0x080030d0   0x00000002   Code   RO         2915    i.fun1_2            function.o
    0x080030d2   0x080030d2   0x00000002   Code   RO         2916    i.fun1_2_0          function.o
    0x080030d4   0x080030d4   0x00000002   Code   RO         2917    i.fun1_3            function.o
    0x080030d6   0x080030d6   0x00000002   Code   RO         2918    i.fun2              function.o
    0x080030d8   0x080030d8   0x00000002   Code   RO         2919    i.fun2_1            function.o
    0x080030da   0x080030da   0x00000002   Code   RO         2920    i.fun3              function.o
    0x080030dc   0x080030dc   0x00000002   Code   RO         2921    i.fun3_1            function.o
    0x080030de   0x080030de   0x00000002   PAD
    0x080030e0   0x080030e0   0x000001c0   Code   RO           15    i.main              main.o
    0x080032a0   0x080032a0   0x0000001a   Code   RO         2745    i.oled_pow          oled.o
    0x080032ba   0x080032ba   0x00000002   PAD
    0x080032bc   0x080032bc   0x00000034   Code   RO         3461    i.prvResetNextTaskUnblockTime  tasks.o
    0x080032f0   0x080032f0   0x00000002   Code   RO         3950    i.vPortSVCHandler   port.o
    0x080032f2   0x080032f2   0x00000002   PAD
    0x080032f4   0x080032f4   0x00000078   Code   RO         3487    i.vTaskSwitchContext  tasks.o
    0x0800336c   0x0800336c   0x00000024   Code   RO         3954    i.xPortSysTickHandler  port.o
    0x08003390   0x08003390   0x00000190   Code   RO         3500    i.xTaskIncrementTick  tasks.o
    0x08003520   0x08003520   0x00000018   Data   RO         2506    .constdata          system_stm32f0xx.o
    0x08003538   0x08003538   0x00000818   Data   RO         2747    .constdata          oled.o
    0x08003d50   0x08003d50   0x00000020   Data   RO         4405    Region$$Table       anon$$obj.o


    Execution Region RW_IRAM1 (Exec base: 0x20000000, Load base: 0x08003d70, Size: 0x00000a10, Max: 0x00008000, ABSOLUTE, COMPRESSED[0x00000078])

    Exec Addr    Load Addr    Size         Type   Attr      Idx    E Section Name        Object

    0x20000000   COMPRESSED   0x000000fc   Data   RW           16    .data               main.o
    0x200000fc   COMPRESSED   0x00000004   Data   RW          465    .data               stm32f0xx_hal.o
    0x20000100   COMPRESSED   0x00000004   Data   RW         2507    .data               system_stm32f0xx.o
    0x20000104   COMPRESSED   0x0000001c   Data   RW         2684    .data               uarst1.o
    0x20000120   COMPRESSED   0x00000110   Data   RW         2922    .data               function.o
    0x20000230   COMPRESSED   0x00000040   Data   RW         3507    .data               tasks.o
    0x20000270        -       0x00000070   Zero   RW         2683    .bss                uarst1.o
    0x200002e0        -       0x0000004c   Zero   RW         2887    .bss                tsw_30.o
    0x2000032c        -       0x000002e4   Zero   RW         3506    .bss                tasks.o
    0x20000610        -       0x00000400   Zero   RW            1    STACK               startup_stm32f031x6.o


==============================================================================

Image component sizes


      Code (inc. data)   RO Data    RW Data    ZI Data      Debug   Object Name

        92          6          0          0          0        816   beep.o
       746         20          0          0          0       5399   ds18b20.o
         0          0          0          0          0       7200   event_groups.o
       238         52          0        272          0       4937   function.o
        76          6          0          0          0        799   key.o
        92         10          0          0          0        803   led.o
       860        134          0        252          0     260273   main.o
      1128         38       2072          0          0       9676   oled.o
       158         14          0          0          0       1452   port.o
        28          8        176          0       1024        620   startup_stm32f031x6.o
        98         14          0          4          0       3039   stm32f0xx_hal.o
      1656         52          0          0          0       6324   stm32f0xx_hal_adc.o
       218         26          0          0          0       8941   stm32f0xx_hal_cortex.o
        88          0          0          0          0       1027   stm32f0xx_hal_dma.o
       518         20          0          0          0       3380   stm32f0xx_hal_gpio.o
       340         22          0          0          0       2147   stm32f0xx_hal_msp.o
      2058        110          0          0          0       6400   stm32f0xx_hal_rcc.o
       336         14          0          0          0       1380   stm32f0xx_hal_rcc_ex.o
      2304         38          0          0          0      11359   stm32f0xx_hal_uart.o
         2          0          0          0          0        924   stm32f0xx_hal_uart_ex.o
        40          6          0          0          0       2519   stm32f0xx_it.o
       116         12         24          4          0       1123   system_stm32f0xx.o
       572         76          0         64        740      11863   tasks.o
       164         10          0          0         76        834   tsw_30.o
       184         22          0         28        112       3333   uarst1.o

    ----------------------------------------------------------------------
     12136        710       2304        624       1952     356568   Object Totals
         0          0         32          0          0          0   (incl. Generated)
        24          0          0          0          0          0   (incl. Padding)

    ----------------------------------------------------------------------

      Code (inc. data)   RO Data    RW Data    ZI Data      Debug   Library Member Name

        86          0          0          0          0          0   __dczerorl2.o
         0          0          0          0          0          0   entry.o
         0          0          0          0          0          0   entry10a.o
         0          0          0          0          0          0   entry11a.o
         8          4          0          0          0          0   entry2.o
         4          0          0          0          0          0   entry5.o
         0          0          0          0          0          0   entry7b.o
         0          0          0          0          0          0   entry8b.o
         8          4          0          0          0          0   entry9a.o
        30          0          0          0          0          0   handlers.o
        40          0          0          0          0         72   idiv.o
        36          8          0          0          0         68   init.o
         0          0          0          0          0          0   iusefp.o
        32          0          0          0          0         68   llshl.o
        34          0          0          0          0         68   llushr.o
        36          0          0          0          0        100   memseta.o
       368         12          0          0          0        168   printf1.o
        44          0          0          0          0         72   uidiv.o
       236          0          0          0          0        216   depilogue.o
        72         10          0          0          0         72   dfixi.o
        40          6          0          0          0         68   dflti.o
       208          6          0          0          0         88   dmul.o

    ----------------------------------------------------------------------
      1288         50          0          0          0       1060   Library Totals
         6          0          0          0          0          0   (incl. Padding)

    ----------------------------------------------------------------------

      Code (inc. data)   RO Data    RW Data    ZI Data      Debug   Library Name

       726         28          0          0          0        616   mc_p.l
       556         22          0          0          0        444   mf_p.l

    ----------------------------------------------------------------------
      1288         50          0          0          0       1060   Library Totals

    ----------------------------------------------------------------------

==============================================================================


      Code (inc. data)   RO Data    RW Data    ZI Data      Debug   

     13424        760       2304        624       1952     352916   Grand Totals
     13424        760       2304        120       1952     352916   ELF Image Totals (compressed)
     13424        760       2304        120          0          0   ROM Totals

==============================================================================

    Total RO  Size (Code + RO Data)                15728 (  15.36kB)
    Total RW  Size (RW Data + ZI Data)              2576 (   2.52kB)
    Total ROM Size (Code + RO Data + RW Data)      15848 (  15.48kB)

==============================================================================

