<html>
<body>
<pre>
<h1>µVision Build Log</h1>
<h2>Tool Versions:</h2>
IDE-Version: ¦ÌVision V5.35.0.0
Copyright (C) 2021 ARM Ltd and ARM Germany GmbH. All rights reserved.
License Information: 1 BanGO, 1, LIC=14HV2-9GG1Y-RAQDM-XAC5M-7GG9J-IG763
 
Tool Versions:
Toolchain:       MDK-ARM Plus  Version: 5.35.0.2
Toolchain Path:  D:\app\Keil_v5\ARM\ARMCC\Bin
C Compiler:      Armcc.exe V5.06 update 7 (build 960)
Assembler:       Armasm.exe V5.06 update 7 (build 960)
Linker/Locator:  ArmLink.exe V5.06 update 7 (build 960)
Library Manager: ArmAr.exe V5.06 update 7 (build 960)
Hex Converter:   FromElf.exe V5.06 update 7 (build 960)
CPU DLL:         SARMCM3.DLL V5.35.0.2
Dialog DLL:      DARMCM1.DLL V1.19.4.0
Target DLL:      STLink\ST-LINKIII-KEIL_SWO.dll V3.0.9.0
Dialog DLL:      TARMCM1.DLL V1.14.4.0
 
<h2>Project:</h2>
E:\work\Smart_Fish_Tank-stm32_hal\MDK-ARM\hal_template.uvprojx
Project File Date:  02/29/2024

<h2>Output:</h2>
*** Using Compiler 'V5.06 update 7 (build 960)', folder: 'D:\app\Keil_v5\ARM\ARMCC\Bin'
Build target 'hal_template'
assembling startup_stm32f031x6.s...
compiling stm32f0xx_hal_rcc_ex.c...
compiling stm32f0xx_hal_msp.c...
compiling stm32f0xx_hal_gpio.c...
compiling stm32f0xx_hal_tim_ex.c...
compiling stm32f0xx_it.c...
compiling stm32f0xx_hal_rcc.c...
compiling stm32f0xx_hal_tim.c...
compiling stm32f0xx_hal_cortex.c...
compiling stm32f0xx_hal.c...
compiling main.c...
compiling stm32f0xx_hal_dma.c...
compiling stm32f0xx_hal_pwr.c...
compiling stm32f0xx_hal_adc_ex.c...
compiling stm32f0xx_hal_i2c_ex.c...
compiling stm32f0xx_hal_pwr_ex.c...
compiling stm32f0xx_hal_uart_ex.c...
compiling stm32f0xx_hal_usart.c...
compiling stm32f0xx_hal_flash_ex.c...
compiling stm32f0xx_hal_flash.c...
compiling stm32f0xx_hal_adc.c...
compiling stm32f0xx_hal_uart.c...
compiling stm32f0xx_hal_i2c.c...
compiling event_groups.c...
compiling list.c...
compiling system_stm32f0xx.c...
compiling beep.c...
compiling led.c...
compiling key.c...
compiling ds18b20.c...
compiling uarst1.c...
compiling function.c...
compiling tsw_30.c...
compiling oled.c...
compiling queue.c...
compiling stream_buffer.c...
compiling heap_4.c...
compiling croutine.c...
compiling timers.c...
compiling tasks.c...
compiling port.c...
linking...
Program Size: Code=14268 RO-data=2304 RW-data=628 ZI-data=1956  
FromELF: creating hex file...
"hal_template\hal_template.axf" - 0 Error(s), 0 Warning(s).

<h2>Software Packages used:</h2>

Package Vendor: ARM
                http://www.keil.com/pack/ARM.CMSIS.5.8.0.pack
                ARM.CMSIS.5.8.0
                CMSIS (Common Microcontroller Software Interface Standard)
   * Component: CORE Version: 5.5.0

Package Vendor: Keil
                https://www.keil.com/pack/Keil.STM32F0xx_DFP.2.1.1.pack
                Keil.STM32F0xx_DFP.2.1.1
                STMicroelectronics STM32F0 Series Device Support, Drivers and Examples

<h2>Collection of Component include folders:</h2>
  .\RTE\_hal_template
  D:\app\keil\Packs\ARM\CMSIS\5.8.0\CMSIS\Core\Include
  D:\app\keil\Packs\Keil\STM32F0xx_DFP\2.1.1\Drivers\CMSIS\Device\ST\STM32F0xx\Include

<h2>Collection of Component Files used:</h2>

   * Component: ARM::CMSIS:CORE:5.5.0
Build Time Elapsed:  00:00:05
</pre>
</body>
</html>
